Microchip MPLAB XC8 Compiler V2.40

Linker command line:

-W-3 \
  --edf=C:\Program Files\Microchip\xc8\v2.40\pic\dat\20220703182018_en.msgs \
  -cn -h+dist/default/debug\final.X.debug.sym \
  --cmf=dist/default/debug\final.X.debug.cmf -z -Q18F67K40 \
  -oC:\Users\POOMNA~1\AppData\Local\Temp\xcAsgd8.4 --defsym=__MPLAB_BUILD=1 \
  --fixupoverflow=error -Mdist/default/debug/final.X.debug.map \
  --md=C:\Users\POOMNA~1\AppData\Local\Temp\xcAsgd8.dat -E1 \
  -ver=XC8 Compiler --acfsm=1493 -ACODE=00h-01FFFFh -ACONST=00h-01FFFFh \
  -ASMALLCONST=0E00h-0EFFhx498 -AMEDIUMCONST=0E00h-0FFFFh,010E00h-01FFFFh \
  -ACOMRAM=01h-05Fh -AABS1=00h-0DE9h -ABIGRAM=01h-0DE9h \
  -ARAM=060h-0FFh,0100h-01FFhx12,0D00h-0DE9h -ABANK0=060h-0FFh \
  -ABANK1=0100h-01FFh -ABANK2=0200h-02FFh -ABANK3=0300h-03FFh \
  -ABANK4=0400h-04FFh -ABANK5=0500h-05FFh -ABANK6=0600h-06FFh \
  -ABANK7=0700h-07FFh -ABANK8=0800h-08FFh -ABANK9=0900h-09FFh \
  -ABANK10=0A00h-0AFFh -ABANK11=0B00h-0BFFh -ABANK12=0C00h-0CFFh \
  -ABANK13=0D00h-0DE9h \
  -ASFR=0DEFh-0DFFh,0E00h-0EFFh,0F00h-0F5Fh,0F60h-0FFFh \
  -ABIGSFR=0DEFh-0FFFh -ACONFIG=0300000h-030000Bh -AIDLOC=0200000h-020000Fh \
  -AEEDATA=0310000h-03103FFh -peeprom_data=EEDATA \
  -preset_vec=00h,intcode=08h,intcodelo,powerup,init -pramtop=0E00h \
  -psmallconst=SMALLCONST -pmediumconst=MEDIUMCONST -pconst=CONST \
  -AFARRAM=00h-00h \
  -prdata=COMRAM,nvrram=COMRAM,nvbit=COMRAM,rbss=COMRAM,rbit=COMRAM \
  -pfarbss=FARRAM,fardata=FARRAM,nvFARRAM=FARRAM \
  -pintsave_regs=BIGRAM,bigbss=BIGRAM,bigdata=BIGRAM -pbss=RAM \
  -pidata=CODE,irdata=CODE,ibigdata=CODE,ifardata=CODE -prparam=COMRAM \
  C:\Users\POOMNA~1\AppData\Local\Temp\xcAsgd8.o \
  dist/default/debug\final.X.debug.o 

Object code version is 3.11

Machine type is 18F67K40



                Name                               Link     Load   Length Selector   Space Scale
C:\Users\POOMNA~1\AppData\Local\Temp\xcAsgd8.o
                idloc                            200000   200000       10        0       5
                config                           300000   300000        C        0       4
                init                                 3E       3E        4        4       0
                reset_vec                             0        0        6        0       0
dist/default/debug\final.X.debug.o
                intcode                               8        8       36        4       0
                idloc                            200000   200000       10        0       5
                config                           300000   300000        C        0       4
                temp                                 5F       5F        1        1       1
                smallconst                          E00      E00       14      700       0
                text46                             2DD6     2DD6       16      70A       0
                text45                             2D80     2D80       20      70A       0
                text44                             2CE8     2CE8       2A      70A       0
                text43                             2D12     2D12       28      70A       0
                text42                             2E0C     2E0C        A      70A       0
                text41                             2E02     2E02        A      70A       0
                text40                             2DEC     2DEC        C      70A       0
                text39                             2D60     2D60       20      70A       0
                text38                             2948     2948       5A      70A       0
                text37                             21E0     21E0       BE      70A       0
                text36                             1850     1850      1E4      70A       0
                text35                             2C0C     2C0C       42      70A       0
                text34                             2DF8     2DF8        A      70A       0
                text33                             2B36     2B36       50      70A       0
                text32                             2AE6     2AE6       50      70A       0
                text31                             2A96     2A96       50      70A       0
                text30                             2A46     2A46       50      70A       0
                text29                             229E     229E       A6      70A       0
                text28                             2BCA     2BCA       42      70A       0
                text27                             2DA0     2DA0       1E      70A       0
                text26                             211C     211C       C4      70A       0
                text25                             2D3A     2D3A       26      70A       0
                text24                             1A34     1A34      1D4      70A       0
                text23                             2844     2844       8A      70A       0
                text22                             2714     2714       A2      70A       0
                text21                             23E8     23E8       A4      70A       0
                text20                             2672     2672       A2      70A       0
                text19                             25D0     25D0       A2      70A       0
                text18                             252E     252E       A2      70A       0
                text17                             2344     2344       A4      70A       0
                text16                             248C     248C       A2      70A       0
                text15                             27B6     27B6       8E      70A       0
                text14                             15E2     15E2      26E      70A       0
                text13                             2DBE     2DBE       18      70A       0
                text12                             2C8E     2C8E       30      70A       0
                text11                             1C08     1C08      188      70A       0
                text10                             1D90     1D90      164      70A       0
                text9                              2C4E     2C4E       40      70A       0
                text8                              2E16     2E16        2      70A       0
                text7                              2052     2052       CA      70A       0
                text6                              2B86     2B86       44      70A       0
                text5                              28CE     28CE       7A      70A       0
                text4                              1364     1364      27E      70A       0
                text3                              1EF4     1EF4      15E      70A       0
                text2                              29F4     29F4       52      70A       0
                text1                              29A2     29A2       52      70A       0
                text0                               E14      E14      550      70A       0
                cstackCOMRAM                          1        1       5C        1       1
                cstackBANK0                          60       60       9F       60       1
                cstackBANK1                         100      100       F0      100       1
                bssBANK2                            200      200       AC      200       1
                bssBANK1                            1F0      1F0        C      100       1
                bssBANK0                             FF       FF        1       60       1
                bssCOMRAM                            5D       5D        2        1       1
                cinit                              2CBE     2CBE       2A      70A       0

TOTAL           Name                               Link     Load   Length     Space
        CLASS   CODE           
                intcode                               8        8       36         0
                init                                 3E       3E        4         0
                reset_vec                             0        0        6         0
                text46                             2DD6     2DD6       16         0
                text45                             2D80     2D80       20         0
                text44                             2CE8     2CE8       2A         0
                text43                             2D12     2D12       28         0
                text42                             2E0C     2E0C        A         0
                text41                             2E02     2E02        A         0
                text40                             2DEC     2DEC        C         0
                text39                             2D60     2D60       20         0
                text38                             2948     2948       5A         0
                text37                             21E0     21E0       BE         0
                text36                             1850     1850      1E4         0
                text35                             2C0C     2C0C       42         0
                text34                             2DF8     2DF8        A         0
                text33                             2B36     2B36       50         0
                text32                             2AE6     2AE6       50         0
                text31                             2A96     2A96       50         0
                text30                             2A46     2A46       50         0
                text29                             229E     229E       A6         0
                text28                             2BCA     2BCA       42         0
                text27                             2DA0     2DA0       1E         0
                text26                             211C     211C       C4         0
                text25                             2D3A     2D3A       26         0
                text24                             1A34     1A34      1D4         0
                text23                             2844     2844       8A         0
                text22                             2714     2714       A2         0
                text21                             23E8     23E8       A4         0
                text20                             2672     2672       A2         0
                text19                             25D0     25D0       A2         0
                text18                             252E     252E       A2         0
                text17                             2344     2344       A4         0
                text16                             248C     248C       A2         0
                text15                             27B6     27B6       8E         0
                text14                             15E2     15E2      26E         0
                text13                             2DBE     2DBE       18         0
                text12                             2C8E     2C8E       30         0
                text11                             1C08     1C08      188         0
                text10                             1D90     1D90      164         0
                text9                              2C4E     2C4E       40         0
                text8                              2E16     2E16        2         0
                text7                              2052     2052       CA         0
                text6                              2B86     2B86       44         0
                text5                              28CE     28CE       7A         0
                text4                              1364     1364      27E         0
                text3                              1EF4     1EF4      15E         0
                text2                              29F4     29F4       52         0
                text1                              29A2     29A2       52         0
                text0                               E14      E14      550         0
                cinit                              2CBE     2CBE       2A         0

        CLASS   CONST          

        CLASS   SMALLCONST     
                smallconst                          E00      E00       14         0

        CLASS   MEDIUMCONST    

        CLASS   COMRAM         
                temp                                 5F       5F        1         1
                cstackCOMRAM                          1        1       5C         1
                bssCOMRAM                            5D       5D        2         1

        CLASS   ABS1           

        CLASS   BIGRAM         

        CLASS   RAM            

        CLASS   BANK0          
                cstackBANK0                          60       60       9F         1
                bssBANK0                             FF       FF        1         1

        CLASS   BANK1          
                cstackBANK1                         100      100       F0         1
                bssBANK1                            1F0      1F0        C         1

        CLASS   BANK2          
                bssBANK2                            200      200       AC         1

        CLASS   BANK3          

        CLASS   BANK4          

        CLASS   BANK5          

        CLASS   BANK6          

        CLASS   BANK7          

        CLASS   BANK8          

        CLASS   BANK9          

        CLASS   BANK10         

        CLASS   BANK11         

        CLASS   BANK12         

        CLASS   BANK13         

        CLASS   SFR            

        CLASS   BIGSFR         

        CLASS   CONFIG         
                config                           300000   300000        C         4

        CLASS   IDLOC          
                idloc                            200000   200000       10         5

        CLASS   EEDATA         

        CLASS   FARRAM         

        CLASS   HEAP           

        CLASS   STACK          



SEGMENTS        Name                           Load    Length   Top    Selector   Space  Class

                reset_vec                      000000  000006  000006         0       0  CODE    
                cstackCOMRAM                   000001  00005F  000060         1       1  COMRAM  
                intcode                        000008  00003A  000042         4       0  CODE    
                cstackBANK0                    000060  0000A0  000100        60       1  BANK0   
                cstackBANK1                    000100  0000FC  0001FC       100       1  BANK1   
                bssBANK2                       000200  0000AC  0002AC       200       1  BANK2   
                smallconst                     000E00  000014  000E14       700       0  SMALLCON
                text0                          000E14  002004  002E18       70A       0  CODE    


UNUSED ADDRESS RANGES

        Name                Unused          Largest block    Delta
        BANK1            0001FC-0001FF                4
        BANK10           000A00-000AFF              100
        BANK11           000B00-000BFF              100
        BANK12           000C00-000CFF              100
        BANK13           000D00-000DE9               EA
        BANK2            0002AC-0002FF               54
        BANK3            000300-0003FF              100
        BANK4            000400-0004FF              100
        BANK5            000500-0005FF              100
        BANK6            000600-0006FF              100
        BANK7            000700-0007FF              100
        BANK8            000800-0008FF              100
        BANK9            000900-0009FF              100
        BIGRAM           0001FC-0001FF                4
                         0002AC-000DE9              B3E
        BIGSFR           000DEF-000FFF              211
        CODE             000006-000007                2
                         000042-000DFF              DBE
                         002E18-01FFFF            1D1E8
        CONST            000006-000007                2
                         000042-000DFF              DBE
                         002E18-01FFFF            1D1E8
        EEDATA           310000-3103FF              400
        MEDIUMCONST      002E18-00FFFF             D1E8
                         010E00-01FFFF             F200
        RAM              0001FC-0001FF                4
                         0002AC-000DE9              100
        SFR              000DEF-000FFF              100
        SMALLCONST       002E18-01FFFF              100

                                  Symbol Table

?___aodiv                        cstackCOMRAM 000001
?___aomod                        cstackCOMRAM 000001
?___awdiv                        cstackCOMRAM 000007
?___wmul                         cstackCOMRAM 000001
?_abs                            cstackCOMRAM 000013
?_color_processor_easy           cstackCOMRAM 000001
?_color_processor_hard           cstackCOMRAM 000001
?_color_read_Blue                cstackCOMRAM 000005
?_color_read_Green               cstackCOMRAM 000005
?_color_read_Luminosity          cstackCOMRAM 000005
?_color_read_Red                 cstackCOMRAM 000005
?_sprintf                        cstackBANK0  000060
?_vfprintf                       cstackCOMRAM 000051
I2C_2_Master_Read@ack            cstackCOMRAM 000003
I2C_2_Master_Read@tmp            cstackCOMRAM 000004
I2C_2_Master_Write@data_byte     cstackCOMRAM 000002
_ANSELDbits                      (abs)        000EA7
_ANSELFbits                      (abs)        000EB4
_BAUD4CONbits                    (abs)        000EE9
_EUSART4RXbuf                    bssBANK2     000278
_EUSART4TXbuf                    bssBANK2     000200
_HighISR                         intcode      000008
_I2C_2_Master_Idle               text43       002D12
_I2C_2_Master_Init               text44       002CE8
_I2C_2_Master_Read               text35       002C0C
_I2C_2_Master_RepStart           text34       002DF8
_I2C_2_Master_Start              text42       002E0C
_I2C_2_Master_Stop               text41       002E02
_I2C_2_Master_Write              text40       002DEC
_INTCONbits                      (abs)        000FF2
_IPR0bits                        (abs)        000E1F
_IPR2bits                        (abs)        000E21
_Interrupts_init                 text46       002DD6
_LATCbits                        (abs)        000F7B
_LATDbits                        (abs)        000F7C
_LATE                            (abs)        000F7D
_LATEbits                        (abs)        000F7D
_LATFbits                        (abs)        000F7E
_LATG                            (abs)        000F7F
_LATGbits                        (abs)        000F7F
_LATHbits                        (abs)        000F80
_PIE0bits                        (abs)        000E29
_PIE2bits                        (abs)        000E2B
_PIR0bits                        (abs)        000E33
_PIR2bits                        (abs)        000E35
_PIR4bits                        (abs)        000E37
_PORTFbits                       (abs)        000F8E
_PWM6CONbits                     (abs)        000FA4
_PWM6DCH                         (abs)        000FA3
_PWM7CONbits                     (abs)        000FA1
_PWM7DCH                         (abs)        000FA0
_RC0PPS                          (abs)        000E62
_RC4REG                          (abs)        000EE3
_RC4STAbits                      (abs)        000EE7
_RC7PPS                          (abs)        000E69
_RD5PPS                          (abs)        000E6F
_RD6PPS                          (abs)        000E70
_RE2PPS                          (abs)        000E74
_RX4PPS                          (abs)        000E15
_RxBufReadCnt                    bssCOMRAM    00005D
_RxBufWriteCnt                   bssCOMRAM    00005E
_SP4BRGH                         (abs)        000EE6
_SP4BRGL                         (abs)        000EE5
_SSP2ADD                         (abs)        000ED6
_SSP2BUF                         (abs)        000ED5
_SSP2CLKPPS                      (abs)        000E1C
_SSP2CON1bits                    (abs)        000ED9
_SSP2CON2                        (abs)        000EDA
_SSP2CON2bits                    (abs)        000EDA
_SSP2DATPPS                      (abs)        000E1D
_SSP2STAT                        (abs)        000ED8
_T0CON0bits                      (abs)        000FD5
_T0CON1bits                      (abs)        000FD6
_T2CLKCONbits                    (abs)        000FBF
_T2CONbits                       (abs)        000FBD
_T2HLTbits                       (abs)        000FBE
_T2PR                            (abs)        000FBC
_TMR0H                           (abs)        000FD4
_TMR0L                           (abs)        000FD3
_TRISCbits                       (abs)        000F83
_TRISDbits                       (abs)        000F84
_TRISEbits                       (abs)        000F85
_TRISFbits                       (abs)        000F86
_TRISGbits                       (abs)        000F87
_TRISHbits                       (abs)        000F88
_TX4REG                          (abs)        000EE4
_TX4STAbits                      (abs)        000EE8
_Timer0_init                     text45       002D80
_TxBufReadCnt                    bssBANK1     0001FB
_TxBufWriteCnt                   bssBANK0     0000FF
__HRAM                           (abs)        000000
__Habs1                          abs1         000000
__Hbank0                         bank0        000000
__Hbank1                         bank1        000000
__Hbank10                        bank10       000000
__Hbank11                        bank11       000000
__Hbank12                        bank12       000000
__Hbank13                        bank13       000000
__Hbank2                         bank2        000000
__Hbank3                         bank3        000000
__Hbank4                         bank4        000000
__Hbank5                         bank5        000000
__Hbank6                         bank6        000000
__Hbank7                         bank7        000000
__Hbank8                         bank8        000000
__Hbank9                         bank9        000000
__Hbigbss                        bigbss       000000
__Hbigdata                       bigdata      000000
__Hbigram                        bigram       000000
__Hbigsfr                        bigsfr       000000
__Hbss                           bss          000000
__HbssBANK0                      bssBANK0     000000
__HbssBANK1                      bssBANK1     000000
__HbssBANK2                      bssBANK2     000000
__HbssCOMRAM                     bssCOMRAM    000000
__Hcinit                         cinit        000000
__Hclrtext                       clrtext      000000
__Hcomram                        comram       000000
__Hconfig                        config       30000C
__Hconst                         const        000000
__HcstackBANK0                   cstackBANK0  000000
__HcstackBANK1                   cstackBANK1  000000
__HcstackCOMRAM                  cstackCOMRAM 000000
__Hdata                          data         000000
__Heeprom_data                   eeprom_data  000000
__Hfarbss                        farbss       000000
__Hfardata                       fardata      000000
__Hheap                          heap         000000
__Hibigdata                      ibigdata     000000
__Hidata                         idata        000000
__Hidloc                         idloc        200010
__Hifardata                      ifardata     000000
__Hinit                          init         000042
__Hintcode                       intcode      00003E
__Hintcode_body                  intcode_body 000000
__Hintcodelo                     intcodelo    00003E
__Hintentry                      intentry     000000
__Hintret                        intret       000000
__Hintsave_regs                  intsave_regs 000000
__Hirdata                        irdata       000000
__Hmediumconst                   mediumconst  000000
__HnvFARRAM                      nvFARRAM     000000
__Hnvbit                         nvbit        000000
__Hnvrram                        nvrram       000000
__Hparam                         rparam       000000
__Hpowerup                       powerup      00003E
__Hram                           ram          000000
__Hramtop                        ramtop       000E00
__Hrbit                          rbit         000000
__Hrbss                          rbss         000000
__Hrdata                         rdata        000000
__Hreset_vec                     reset_vec    000006
__Hrparam                        rparam       000000
__Hsfr                           sfr          000000
__Hsmallconst                    smallconst   000E14
__Hspace_0                       (abs)        002E18
__Hspace_1                       (abs)        0002AC
__Hspace_2                       (abs)        000000
__Hspace_4                       (abs)        60000C
__Hstack                         stack        000000
__Hstruct                        struct       000000
__Htemp                          temp         000060
__Htext                          text         000000
__Htext0                         text0        000000
__Htext1                         text1        000000
__Htext10                        text10       000000
__Htext11                        text11       000000
__Htext12                        text12       000000
__Htext13                        text13       000000
__Htext14                        text14       000000
__Htext15                        text15       000000
__Htext16                        text16       000000
__Htext17                        text17       000000
__Htext18                        text18       000000
__Htext19                        text19       000000
__Htext2                         text2        000000
__Htext20                        text20       000000
__Htext21                        text21       000000
__Htext22                        text22       000000
__Htext23                        text23       000000
__Htext24                        text24       000000
__Htext25                        text25       000000
__Htext26                        text26       000000
__Htext27                        text27       000000
__Htext28                        text28       000000
__Htext29                        text29       000000
__Htext3                         text3        000000
__Htext30                        text30       000000
__Htext31                        text31       000000
__Htext32                        text32       000000
__Htext33                        text33       000000
__Htext34                        text34       000000
__Htext35                        text35       000000
__Htext36                        text36       000000
__Htext37                        text37       000000
__Htext38                        text38       000000
__Htext39                        text39       000000
__Htext4                         text4        000000
__Htext40                        text40       000000
__Htext41                        text41       000000
__Htext42                        text42       000000
__Htext43                        text43       000000
__Htext44                        text44       000000
__Htext45                        text45       000000
__Htext46                        text46       000000
__Htext5                         text5        000000
__Htext6                         text6        000000
__Htext7                         text7        000000
__Htext8                         text8        000000
__Htext9                         text9        000000
__LRAM                           (abs)        000001
__Labs1                          abs1         000000
__Lbank0                         bank0        000000
__Lbank1                         bank1        000000
__Lbank10                        bank10       000000
__Lbank11                        bank11       000000
__Lbank12                        bank12       000000
__Lbank13                        bank13       000000
__Lbank2                         bank2        000000
__Lbank3                         bank3        000000
__Lbank4                         bank4        000000
__Lbank5                         bank5        000000
__Lbank6                         bank6        000000
__Lbank7                         bank7        000000
__Lbank8                         bank8        000000
__Lbank9                         bank9        000000
__Lbigbss                        bigbss       000000
__Lbigdata                       bigdata      000000
__Lbigram                        bigram       000000
__Lbigsfr                        bigsfr       000000
__Lbss                           bss          000000
__LbssBANK0                      bssBANK0     000000
__LbssBANK1                      bssBANK1     000000
__LbssBANK2                      bssBANK2     000000
__LbssCOMRAM                     bssCOMRAM    000000
__Lcinit                         cinit        000000
__Lclrtext                       clrtext      000000
__Lcomram                        comram       000000
__Lconfig                        config       000000
__Lconst                         const        000000
__LcstackBANK0                   cstackBANK0  000000
__LcstackBANK1                   cstackBANK1  000000
__LcstackCOMRAM                  cstackCOMRAM 000000
__Ldata                          data         000000
__Leeprom_data                   eeprom_data  000000
__Lfarbss                        farbss       000000
__Lfardata                       fardata      000000
__Lheap                          heap         000000
__Libigdata                      ibigdata     000000
__Lidata                         idata        000000
__Lidloc                         idloc        000000
__Lifardata                      ifardata     000000
__Linit                          init         00003E
__Lintcode                       intcode      000008
__Lintcode_body                  intcode_body 000000
__Lintcodelo                     intcodelo    00003E
__Lintentry                      intentry     000000
__Lintret                        intret       000000
__Lintsave_regs                  intsave_regs 000000
__Lirdata                        irdata       000000
__Lmediumconst                   mediumconst  000000
__LnvFARRAM                      nvFARRAM     000000
__Lnvbit                         nvbit        000000
__Lnvrram                        nvrram       000000
__Lparam                         rparam       000000
__Lpowerup                       powerup      00003E
__Lram                           ram          000000
__Lramtop                        ramtop       000E00
__Lrbit                          rbit         000000
__Lrbss                          rbss         000000
__Lrdata                         rdata        000000
__Lreset_vec                     reset_vec    000000
__Lrparam                        rparam       000000
__Lsfr                           sfr          000000
__Lsmallconst                    smallconst   000E00
__Lspace_0                       (abs)        000000
__Lspace_1                       (abs)        000000
__Lspace_2                       (abs)        000000
__Lspace_4                       (abs)        000000
__Lstack                         stack        000000
__Lstruct                        struct       000000
__Ltemp                          temp         00005F
__Ltext                          text         000000
__Ltext0                         text0        000000
__Ltext1                         text1        000000
__Ltext10                        text10       000000
__Ltext11                        text11       000000
__Ltext12                        text12       000000
__Ltext13                        text13       000000
__Ltext14                        text14       000000
__Ltext15                        text15       000000
__Ltext16                        text16       000000
__Ltext17                        text17       000000
__Ltext18                        text18       000000
__Ltext19                        text19       000000
__Ltext2                         text2        000000
__Ltext20                        text20       000000
__Ltext21                        text21       000000
__Ltext22                        text22       000000
__Ltext23                        text23       000000
__Ltext24                        text24       000000
__Ltext25                        text25       000000
__Ltext26                        text26       000000
__Ltext27                        text27       000000
__Ltext28                        text28       000000
__Ltext29                        text29       000000
__Ltext3                         text3        000000
__Ltext30                        text30       000000
__Ltext31                        text31       000000
__Ltext32                        text32       000000
__Ltext33                        text33       000000
__Ltext34                        text34       000000
__Ltext35                        text35       000000
__Ltext36                        text36       000000
__Ltext37                        text37       000000
__Ltext38                        text38       000000
__Ltext39                        text39       000000
__Ltext4                         text4        000000
__Ltext40                        text40       000000
__Ltext41                        text41       000000
__Ltext42                        text42       000000
__Ltext43                        text43       000000
__Ltext44                        text44       000000
__Ltext45                        text45       000000
__Ltext46                        text46       000000
__Ltext5                         text5        000000
__Ltext6                         text6        000000
__Ltext7                         text7        000000
__Ltext8                         text8        000000
__Ltext9                         text9        000000
__S0                             (abs)        002E18
__S1                             (abs)        0002AC
__S4                             (abs)        000000
__S5                             (abs)        000000
___aodiv                         text11       001C08
___aodiv@counter                 cstackCOMRAM 000011
___aodiv@dividend                cstackCOMRAM 000001
___aodiv@divisor                 cstackCOMRAM 000009
___aodiv@quotient                cstackCOMRAM 000013
___aodiv@sign                    cstackCOMRAM 000012
___aomod                         text10       001D90
___aomod@counter                 cstackCOMRAM 000011
___aomod@dividend                cstackCOMRAM 000001
___aomod@divisor                 cstackCOMRAM 000009
___aomod@sign                    cstackCOMRAM 000012
___awdiv                         text26       00211C
___awdiv@counter                 cstackCOMRAM 00000B
___awdiv@dividend                cstackCOMRAM 000007
___awdiv@divisor                 cstackCOMRAM 000009
___awdiv@quotient                cstackCOMRAM 00000D
___awdiv@sign                    cstackCOMRAM 00000C
___heap_hi                       (abs)        000000
___heap_lo                       (abs)        000000
___inthi_sp                      stack        000000
___intlo_sp                      stack        000000
___param_bank                    (abs)        000000
___rparam_used                   (abs)        000001
___sp                            stack        000000
___wmul                          text25       002D3A
___wmul@multiplicand             cstackCOMRAM 000003
___wmul@multiplier               cstackCOMRAM 000001
___wmul@product                  cstackCOMRAM 000005
__accesstop                      (abs)        000060
__activetblptr                   (abs)        000003
__end_of_HighISR                 intcode      00003E
__end_of_I2C_2_Master_Idle       text43       002D3A
__end_of_I2C_2_Master_Init       text44       002D12
__end_of_I2C_2_Master_Read       text35       002C4E
__end_of_I2C_2_Master_RepStart   text34       002E02
__end_of_I2C_2_Master_Start      text42       002E16
__end_of_I2C_2_Master_Stop       text41       002E0C
__end_of_I2C_2_Master_Write      text40       002DF8
__end_of_Interrupts_init         text46       002DEC
__end_of_Timer0_init             text45       002DA0
__end_of___aodiv                 text11       001D90
__end_of___aomod                 text10       001EF4
__end_of___awdiv                 text26       0021E0
__end_of___wmul                  text25       002D60
__end_of__initialization         cinit        002CDE
__end_of_abs                     text9        002C8E
__end_of_color_click_init        text38       0029A2
__end_of_color_processor_easy    text37       00229E
__end_of_color_processor_hard    text36       001A34
__end_of_color_read              text29       002344
__end_of_color_read_Blue         text33       002B86
__end_of_color_read_Green        text32       002B36
__end_of_color_read_Luminosity   text31       002AE6
__end_of_color_read_Red          text30       002A96
__end_of_color_writetoaddr       text39       002D80
__end_of_dtoa                    text4        0015E2
__end_of_forward                 text23       0028CE
__end_of_fputc                   text7        00211C
__end_of_fputs                   text6        002BCA
__end_of_initDCmotorsPWM         text28       002C0C
__end_of_initUSART4              text27       002DBE
__end_of_left_135                text22       0027B6
__end_of_left_90                 text21       00248C
__end_of_main                    text0        001364
__end_of_motor_action            text14       001850
__end_of_pad                     text5        002948
__end_of_putch                   text8        002E18
__end_of_reverse_fromcard        text20       002714
__end_of_reverse_onesquare       text19       002672
__end_of_right_135               text18       0025D0
__end_of_right_90                text17       0023E8
__end_of_sendCharSerial4         text13       002DD6
__end_of_sendStringSerial4       text12       002CBE
__end_of_setMotorPWM             text24       001C08
__end_of_spin_180                text16       00252E
__end_of_sprintf                 text1        0029F4
__end_of_stop                    text15       002844
__end_of_vfpfcnvrt               text3        002052
__end_of_vfprintf                text2        002A46
__initialization                 cinit        002CBE
__mediumconst                    mediumconst  000000
__pbssBANK0                      bssBANK0     0000FF
__pbssBANK1                      bssBANK1     0001F0
__pbssBANK2                      bssBANK2     000200
__pbssCOMRAM                     bssCOMRAM    00005D
__pcinit                         cinit        002CBE
__pcstackBANK0                   cstackBANK0  000060
__pcstackBANK1                   cstackBANK1  000100
__pcstackCOMRAM                  cstackCOMRAM 000001
__pintcode                       intcode      000008
__psmallconst                    smallconst   000E00
__ptext0                         text0        000E14
__ptext1                         text1        0029A2
__ptext10                        text10       001D90
__ptext11                        text11       001C08
__ptext12                        text12       002C8E
__ptext13                        text13       002DBE
__ptext14                        text14       0015E2
__ptext15                        text15       0027B6
__ptext16                        text16       00248C
__ptext17                        text17       002344
__ptext18                        text18       00252E
__ptext19                        text19       0025D0
__ptext2                         text2        0029F4
__ptext20                        text20       002672
__ptext21                        text21       0023E8
__ptext22                        text22       002714
__ptext23                        text23       002844
__ptext24                        text24       001A34
__ptext25                        text25       002D3A
__ptext26                        text26       00211C
__ptext27                        text27       002DA0
__ptext28                        text28       002BCA
__ptext29                        text29       00229E
__ptext3                         text3        001EF4
__ptext30                        text30       002A46
__ptext31                        text31       002A96
__ptext32                        text32       002AE6
__ptext33                        text33       002B36
__ptext34                        text34       002DF8
__ptext35                        text35       002C0C
__ptext36                        text36       001850
__ptext37                        text37       0021E0
__ptext38                        text38       002948
__ptext39                        text39       002D60
__ptext4                         text4        001364
__ptext40                        text40       002DEC
__ptext41                        text41       002E02
__ptext42                        text42       002E0C
__ptext43                        text43       002D12
__ptext44                        text44       002CE8
__ptext45                        text45       002D80
__ptext46                        text46       002DD6
__ptext5                         text5        0028CE
__ptext6                         text6        002B86
__ptext7                         text7        002052
__ptext8                         text8        002E16
__ptext9                         text9        002C4E
__ramtop                         ramtop       000E00
__smallconst                     smallconst   000E00
_abs                             text9        002C4E
_color_click_init                text38       002948
_color_processor_easy            text37       0021E0
_color_processor_hard            text36       001850
_color_processor_hard$370        cstackCOMRAM 00000A
_color_processor_hard$372        cstackCOMRAM 00000B
_color_processor_hard$374        cstackCOMRAM 00000C
_color_read                      text29       00229E
_color_read_Blue                 text33       002B36
_color_read_Green                text32       002AE6
_color_read_Luminosity           text31       002A96
_color_read_Red                  text30       002A46
_color_writetoaddr               text39       002D60
_dbuf                            bssBANK2     00028C
_dtoa                            text4        001364
_dtoa$2419                       cstackCOMRAM 00002E
_flags                           bssBANK1     0001FA
_forward                         text23       002844
_fputc                           text7        002052
_fputs                           text6        002B86
_initDCmotorsPWM                 text28       002BCA
_initUSART4                      text27       002DA0
_left_135                        text22       002714
_left_90                         text21       0023E8
_main                            text0        000E14
_motor_action                    text14       0015E2
_off_period                      bssBANK1     0001F6
_on_period                       bssBANK1     0001F8
_pad                             text5        0028CE
_prec                            bssBANK1     0001F2
_putch                           text8        002E16
_reverse_fromcard                text20       002672
_reverse_onesquare               text19       0025D0
_right_135                       text18       00252E
_right_90                        text17       002344
_sendCharSerial4                 text13       002DBE
_sendStringSerial4               text12       002C8E
_setMotorPWM                     text24       001A34
_spin_180                        text16       00248C
_sprintf                         text1        0029A2
_stop                            text15       0027B6
_time                            bssBANK1     0001F4
_vfpfcnvrt                       text3        001EF4
_vfprintf                        text2        0029F4
_width                           bssBANK1     0001F0
abs@a                            cstackCOMRAM 000013
btemp                            temp         00005F
color_processor_easy@a           cstackCOMRAM 000007
color_processor_easy@b           cstackCOMRAM 000009
color_processor_easy@c           cstackCOMRAM 000005
color_processor_easy@color       cstackCOMRAM 000003
color_processor_easy@rgb         cstackCOMRAM 000001
color_processor_hard@b           cstackCOMRAM 000011
color_processor_hard@calibrated  cstackCOMRAM 000003
color_processor_hard@cb          cstackCOMRAM 000017
color_processor_hard@cg          cstackCOMRAM 000015
color_processor_hard@condition_b cstackCOMRAM 000009
color_processor_hard@condition_g cstackCOMRAM 000008
color_processor_hard@condition_r cstackCOMRAM 000007
color_processor_hard@cr          cstackCOMRAM 000013
color_processor_hard@g           cstackCOMRAM 00000F
color_processor_hard@r           cstackCOMRAM 00000D
color_processor_hard@rgb         cstackCOMRAM 000001
color_read@rgb                   cstackCOMRAM 00000C
color_read_Blue@tmp              cstackCOMRAM 00000A
color_read_Green@tmp             cstackCOMRAM 00000A
color_read_Luminosity@tmp        cstackCOMRAM 00000A
color_read_Red@tmp               cstackCOMRAM 00000A
color_writetoaddr@address        cstackCOMRAM 000004
color_writetoaddr@value          cstackCOMRAM 000003
dtoa@d                           cstackCOMRAM 00001E
dtoa@fp                          cstackCOMRAM 00001C
dtoa@i                           cstackCOMRAM 00003C
dtoa@n                           cstackCOMRAM 000034
dtoa@p                           cstackCOMRAM 000030
dtoa@s                           cstackCOMRAM 00003E
dtoa@w                           cstackCOMRAM 000032
end_of_initialization            cinit        002CDE
forward@i                        cstackCOMRAM 00001E
forward@mL                       cstackCOMRAM 00001A
forward@mR                       cstackCOMRAM 00001C
fputc@c                          cstackCOMRAM 000001
fputc@fp                         cstackCOMRAM 000003
fputs@c                          cstackCOMRAM 00000E
fputs@fp                         cstackCOMRAM 00000C
fputs@i                          cstackCOMRAM 00000F
fputs@s                          cstackCOMRAM 00000A
initDCmotorsPWM@PWMperiod        cstackCOMRAM 000001
int$flags                        temp         00005F
intlevel0                        text         000000
intlevel1                        text         000000
intlevel2                        text         000000
intlevel3                        text         000000
isa$std                          (abs)        000001
isa$xinst                        (abs)        000000
left_135@i                       cstackCOMRAM 000020
left_135@mL                      cstackCOMRAM 00001A
left_135@mR                      cstackCOMRAM 00001C
left_90@i                        cstackCOMRAM 000020
left_90@mL                       cstackCOMRAM 00001A
left_90@mR                       cstackCOMRAM 00001C
main@RGB_calibrated              cstackBANK1  0001CE
main@RGB_recorded                cstackBANK1  0001D6
main@color_calibrated            cstackBANK1  000182
main@color_flag                  cstackCOMRAM 00005B
main@color_name                  cstackBANK1  0001CA
main@color_path                  cstackBANK0  0000DF
main@i                           cstackBANK1  0001CC
main@j                           cstackBANK1  0001C6
main@k                           cstackBANK1  0001C8
main@lowerbound_calibrated       cstackBANK0  0000FD
main@motorL                      cstackBANK1  0001E7
main@motorR                      cstackBANK1  0001DE
main@readout2                    cstackBANK0  00007B
main@readout3                    cstackBANK1  000100
main@time_path                   cstackBANK1  000164
main@time_return                 cstackBANK1  0001C4
main@upperbound_calibrated       cstackBANK1  0001C2
motor_action@color               cstackCOMRAM 000022
motor_action@l                   cstackCOMRAM 000024
motor_action@r                   cstackCOMRAM 000026
pad@buf                          cstackCOMRAM 000013
pad@fp                           cstackCOMRAM 000011
pad@i                            cstackCOMRAM 000018
pad@p                            cstackCOMRAM 000015
pad@w                            cstackCOMRAM 00001A
reverse_fromcard@i               cstackCOMRAM 000020
reverse_fromcard@mL              cstackCOMRAM 00001A
reverse_fromcard@mR              cstackCOMRAM 00001C
reverse_onesquare@i              cstackCOMRAM 000020
reverse_onesquare@mL             cstackCOMRAM 00001A
reverse_onesquare@mR             cstackCOMRAM 00001C
right_135@i                      cstackCOMRAM 000020
right_135@mL                     cstackCOMRAM 00001A
right_135@mR                     cstackCOMRAM 00001C
right_90@i                       cstackCOMRAM 000020
right_90@mL                      cstackCOMRAM 00001A
right_90@mR                      cstackCOMRAM 00001C
sendCharSerial4@charToSend       cstackCOMRAM 000001
sendStringSerial4@string         cstackCOMRAM 000002
setMotorPWM@PWMduty              cstackCOMRAM 000018
setMotorPWM@m                    cstackCOMRAM 00000F
spin_180@i                       cstackCOMRAM 000020
spin_180@mL                      cstackCOMRAM 00001A
spin_180@mR                      cstackCOMRAM 00001C
sprintf@ap                       cstackBANK0  00006E
sprintf@f                        cstackBANK0  000070
sprintf@fmt                      cstackBANK0  000062
sprintf@s                        cstackBANK0  000060
stackhi                          (abs)        000000
stacklo                          (abs)        000000
start                            init         00003E
start_initialization             cinit        002CBE
stop@i                           cstackCOMRAM 00001F
stop@mL                          cstackCOMRAM 00001A
stop@mR                          cstackCOMRAM 00001C
ttemp5                           temp         000060
ttemp6                           temp         000063
ttemp7                           temp         000067
vfpfcnvrt@ap                     cstackCOMRAM 000043
vfpfcnvrt@convarg                cstackCOMRAM 000047
vfpfcnvrt@cp                     cstackCOMRAM 00004F
vfpfcnvrt@fmt                    cstackCOMRAM 000041
vfpfcnvrt@fp                     cstackCOMRAM 00003F
vfprintf@ap                      cstackCOMRAM 000055
vfprintf@cfmt                    cstackCOMRAM 000057
vfprintf@fmt                     cstackCOMRAM 000053
vfprintf@fp                      cstackCOMRAM 000051
wtemp8                           temp         000060


MODULE INFORMATION

Module		Function		Class		Link	Load	Size
../main.c
		_main          		CODE           	0E14	0000	1360

../main.c estimated size: 1360

C:\Program Files\Microchip\xc8\v2.40\pic\sources\c99\common\nf_fputc.c
		_fputc         		CODE           	2052	0000	202

C:\Program Files\Microchip\xc8\v2.40\pic\sources\c99\common\nf_fputc.c estimated size: 202

../serial.c
		_sendStringSerial4		CODE           	2C8E	0000	48
		_sendCharSerial4		CODE           	2DBE	0000	24
		_initUSART4    		CODE           	2DA0	0000	30

../serial.c estimated size: 102

C:\Program Files\Microchip\xc8\v2.40\pic\sources\c99\common\nf_sprintf.c
		_sprintf       		CODE           	29A2	0000	82

C:\Program Files\Microchip\xc8\v2.40\pic\sources\c99\common\nf_sprintf.c estimated size: 82

C:\Program Files\Microchip\xc8\v2.40\pic\sources\c99\common\awdiv.c
		___awdiv       		CODE           	211C	0000	196

C:\Program Files\Microchip\xc8\v2.40\pic\sources\c99\common\awdiv.c estimated size: 196

../rc_servo.c
		_Timer0_init   		CODE           	2D80	0000	32
		_Interrupts_init		CODE           	2DD6	0000	22
		_HighISR       		CODE           	0008	0000	54

../rc_servo.c estimated size: 108

C:\Program Files\Microchip\xc8\v2.40\pic\sources\c99\common\Umul16.c
		___wmul        		CODE           	2D3A	0000	38

C:\Program Files\Microchip\xc8\v2.40\pic\sources\c99\common\Umul16.c estimated size: 38

C:\Program Files\Microchip\xc8\v2.40\pic\sources\c99\common\abs.c
		_abs           		CODE           	2C4E	0000	64

C:\Program Files\Microchip\xc8\v2.40\pic\sources\c99\common\abs.c estimated size: 64

../dc_motor.c
		_left_135      		CODE           	2714	0000	162
		_reverse_onesquare		CODE           	25D0	0000	162
		_stop          		CODE           	27B6	0000	142
		_initDCmotorsPWM		CODE           	2BCA	0000	66
		_motor_action  		CODE           	15E2	0000	622
		_right_135     		CODE           	252E	0000	162
		_forward       		CODE           	2844	0000	138
		_spin_180      		CODE           	248C	0000	162
		_setMotorPWM   		CODE           	1A34	0000	468
		_left_90       		CODE           	23E8	0000	164
		_right_90      		CODE           	2344	0000	164
		_reverse_fromcard		CODE           	2672	0000	162

../dc_motor.c estimated size: 2574

C:\Program Files\Microchip\xc8\v2.40\pic\sources\c99\common\nf_fputs.c
		_fputs         		CODE           	2B86	0000	68

C:\Program Files\Microchip\xc8\v2.40\pic\sources\c99\common\nf_fputs.c estimated size: 68

C:\Program Files\Microchip\xc8\v2.40\pic\sources\c99\common\aomod.c
		___aomod       		CODE           	1D90	0000	356

C:\Program Files\Microchip\xc8\v2.40\pic\sources\c99\common\aomod.c estimated size: 356

shared
		__initialization		CODE           	2CBE	0000	32

shared estimated size: 32

../i2c.c
		_I2C_2_Master_Start		CODE           	2E0C	0000	10
		_I2C_2_Master_Read		CODE           	2C0C	0000	66
		_I2C_2_Master_Idle		CODE           	2D12	0000	40
		_I2C_2_Master_Init		CODE           	2CE8	0000	42
		_I2C_2_Master_Stop		CODE           	2E02	0000	10
		_I2C_2_Master_RepStart		CODE           	2DF8	0000	10
		_I2C_2_Master_Write		CODE           	2DEC	0000	12

../i2c.c estimated size: 190

C:\Program Files\Microchip\xc8\v2.40\pic\sources\c99\common\putch.c
		_putch         		CODE           	2E16	0000	2

C:\Program Files\Microchip\xc8\v2.40\pic\sources\c99\common\putch.c estimated size: 2

C:\Program Files\Microchip\xc8\v2.40\pic\sources\c99\common\doprnt.c
		_vfpfcnvrt     		CODE           	1EF4	0000	350
		_pad           		CODE           	28CE	0000	122
		_dtoa          		CODE           	1364	0000	638
		_vfprintf      		CODE           	29F4	0000	82

C:\Program Files\Microchip\xc8\v2.40\pic\sources\c99\common\doprnt.c estimated size: 1192

../color.c
		_color_writetoaddr		CODE           	2D60	0000	32
		_color_click_init		CODE           	2948	0000	90
		_color_read    		CODE           	229E	0000	166
		_color_read_Luminosity		CODE           	2A96	0000	80
		_color_read_Green		CODE           	2AE6	0000	80
		_color_processor_easy		CODE           	21E0	0000	190
		_color_read_Red		CODE           	2A46	0000	80
		_color_processor_hard		CODE           	1850	0000	484
		_color_read_Blue		CODE           	2B36	0000	80

../color.c estimated size: 1282

C:\Program Files\Microchip\xc8\v2.40\pic\sources\c99\common\aodiv.c
		___aodiv       		CODE           	1C08	0000	392

C:\Program Files\Microchip\xc8\v2.40\pic\sources\c99\common\aodiv.c estimated size: 392

