Microchip MPLAB XC8 Compiler V2.40

Linker command line:

-W-3 \
  --edf=C:\Program Files\Microchip\xc8\v2.40\pic\dat\20220703182018_en.msgs \
  -cn -h+dist/default/production\final.X.production.sym \
  --cmf=dist/default/production\final.X.production.cmf -z -Q18F67K40 \
  -oC:\Users\POOMNA~1\AppData\Local\Temp\xcAsf40.4 --defsym=__MPLAB_BUILD=1 \
  --fixupoverflow=error -Mdist/default/production/final.X.production.map \
  --md=C:\Users\POOMNA~1\AppData\Local\Temp\xcAsf40.dat -E1 \
  -ver=XC8 Compiler --acfsm=1493 -ACODE=00h-01FFFFh -ACONST=00h-01FFFFh \
  -ASMALLCONST=0E00h-0EFFhx498 -AMEDIUMCONST=0E00h-0FFFFh,010E00h-01FFFFh \
  -ACOMRAM=01h-05Fh -AABS1=00h-0DE9h -ABIGRAM=01h-0DE9h \
  -ARAM=060h-0FFh,0100h-01FFhx12,0D00h-0DE9h -ABANK0=060h-0FFh \
  -ABANK1=0100h-01FFh -ABANK2=0200h-02FFh -ABANK3=0300h-03FFh \
  -ABANK4=0400h-04FFh -ABANK5=0500h-05FFh -ABANK6=0600h-06FFh \
  -ABANK7=0700h-07FFh -ABANK8=0800h-08FFh -ABANK9=0900h-09FFh \
  -ABANK10=0A00h-0AFFh -ABANK11=0B00h-0BFFh -ABANK12=0C00h-0CFFh \
  -ABANK13=0D00h-0DE9h \
  -ASFR=0DEFh-0DFFh,0E00h-0EFFh,0F00h-0F5Fh,0F60h-0FFFh \
  -ABIGSFR=0DEFh-0FFFh -ACONFIG=0300000h-030000Bh -AIDLOC=0200000h-020000Fh \
  -AEEDATA=0310000h-03103FFh -peeprom_data=EEDATA \
  -preset_vec=00h,intcode=08h,intcodelo,powerup,init -pramtop=0E00h \
  -psmallconst=SMALLCONST -pmediumconst=MEDIUMCONST -pconst=CONST \
  -AFARRAM=00h-00h \
  -prdata=COMRAM,nvrram=COMRAM,nvbit=COMRAM,rbss=COMRAM,rbit=COMRAM \
  -pfarbss=FARRAM,fardata=FARRAM,nvFARRAM=FARRAM \
  -pintsave_regs=BIGRAM,bigbss=BIGRAM,bigdata=BIGRAM -pbss=RAM \
  -pidata=CODE,irdata=CODE,ibigdata=CODE,ifardata=CODE -prparam=COMRAM \
  C:\Users\POOMNA~1\AppData\Local\Temp\xcAsf40.o \
  dist/default/production\final.X.production.o 

Object code version is 3.11

Machine type is 18F67K40



                Name                               Link     Load   Length Selector   Space Scale
C:\Users\POOMNA~1\AppData\Local\Temp\xcAsf40.o
                idloc                            200000   200000       10        0       5
                config                           300000   300000        C        0       4
                init                                 54       54        4        4       0
                reset_vec                             0        0        4        0       0
dist/default/production\final.X.production.o
                intcode                               8        8       4C        4       0
                idloc                            200000   200000       10        0       5
                config                           300000   300000        C        0       4
                temp                                 5D       5D        1        1       1
                smallconst                          E00      E00       12      700       0
                text34                             1E0A     1E0A        A      709       0
                text32                             1DE0     1DE0        C      709       0
                text31                             1D7E     1D7E       20      709       0
                text30                             1CEA     1CEA       2A      709       0
                text29                             1D14     1D14       28      709       0
                text28                             1E00     1E00        A      709       0
                text27                             1DF6     1DF6        A      709       0
                text26                             1DD4     1DD4        C      709       0
                text25                             1D5E     1D5E       20      709       0
                text24                             1974     1974       5A      709       0
                text23                             1796     1796       BE      709       0
                text22                             1C38     1C38       42      709       0
                text21                             1DEC     1DEC        A      709       0
                text20                             1B10     1B10       50      709       0
                text19                             1AC0     1AC0       50      709       0
                text18                             1A70     1A70       50      709       0
                text17                             1A20     1A20       50      709       0
                text16                             1854     1854       A6      709       0
                text15                             1BAE     1BAE       46      709       0
                text14                             1D9E     1D9E       1E      709       0
                text13                             1DBC     1DBC       18      709       0
                text12                             1CBA     1CBA       30      709       0
                text11                             1292     1292      188      709       0
                text10                             141A     141A      164      709       0
                text9                              1C7A     1C7A       40      709       0
                text8                              1E14     1E14        2      709       0
                text7                              16CC     16CC       CA      709       0
                text6                              1BF4     1BF4       44      709       0
                text5                              18FA     18FA       7A      709       0
                text4                               E12      E12      27C      709       0
                text3                              157E     157E      14E      709       0
                text2                              1B60     1B60       4E      709       0
                text1                              19CE     19CE       52      709       0
                text0                              108E     108E      204      709       0
                cstackCOMRAM                          1        1       5A        1       1
                cstackBANK0                          DB       DB       1B       60       1
                cstackBANK1                         100      100       8C      100       1
                bssBANK0                             60       60       7B       60       1
                bssCOMRAM                            5B       5B        2        1       1
                cinit                              1D3C     1D3C       22      709       0

TOTAL           Name                               Link     Load   Length     Space
        CLASS   CODE           
                intcode                               8        8       4C         0
                init                                 54       54        4         0
                reset_vec                             0        0        4         0
                text34                             1E0A     1E0A        A         0
                text32                             1DE0     1DE0        C         0
                text31                             1D7E     1D7E       20         0
                text30                             1CEA     1CEA       2A         0
                text29                             1D14     1D14       28         0
                text28                             1E00     1E00        A         0
                text27                             1DF6     1DF6        A         0
                text26                             1DD4     1DD4        C         0
                text25                             1D5E     1D5E       20         0
                text24                             1974     1974       5A         0
                text23                             1796     1796       BE         0
                text22                             1C38     1C38       42         0
                text21                             1DEC     1DEC        A         0
                text20                             1B10     1B10       50         0
                text19                             1AC0     1AC0       50         0
                text18                             1A70     1A70       50         0
                text17                             1A20     1A20       50         0
                text16                             1854     1854       A6         0
                text15                             1BAE     1BAE       46         0
                text14                             1D9E     1D9E       1E         0
                text13                             1DBC     1DBC       18         0
                text12                             1CBA     1CBA       30         0
                text11                             1292     1292      188         0
                text10                             141A     141A      164         0
                text9                              1C7A     1C7A       40         0
                text8                              1E14     1E14        2         0
                text7                              16CC     16CC       CA         0
                text6                              1BF4     1BF4       44         0
                text5                              18FA     18FA       7A         0
                text4                               E12      E12      27C         0
                text3                              157E     157E      14E         0
                text2                              1B60     1B60       4E         0
                text1                              19CE     19CE       52         0
                text0                              108E     108E      204         0
                cinit                              1D3C     1D3C       22         0

        CLASS   CONST          

        CLASS   SMALLCONST     
                smallconst                          E00      E00       12         0

        CLASS   MEDIUMCONST    

        CLASS   COMRAM         
                temp                                 5D       5D        1         1
                cstackCOMRAM                          1        1       5A         1
                bssCOMRAM                            5B       5B        2         1

        CLASS   ABS1           

        CLASS   BIGRAM         

        CLASS   RAM            

        CLASS   BANK0          
                cstackBANK0                          DB       DB       1B         1
                bssBANK0                             60       60       7B         1

        CLASS   BANK1          
                cstackBANK1                         100      100       8C         1

        CLASS   BANK2          

        CLASS   BANK3          

        CLASS   BANK4          

        CLASS   BANK5          

        CLASS   BANK6          

        CLASS   BANK7          

        CLASS   BANK8          

        CLASS   BANK9          

        CLASS   BANK10         

        CLASS   BANK11         

        CLASS   BANK12         

        CLASS   BANK13         

        CLASS   SFR            

        CLASS   BIGSFR         

        CLASS   CONFIG         
                config                           300000   300000        C         4

        CLASS   IDLOC          
                idloc                            200000   200000       10         5

        CLASS   EEDATA         

        CLASS   FARRAM         

        CLASS   HEAP           

        CLASS   STACK          



SEGMENTS        Name                           Load    Length   Top    Selector   Space  Class

                reset_vec                      000000  000004  000004         0       0  CODE    
                cstackCOMRAM                   000001  00005D  00005E         1       1  COMRAM  
                intcode                        000008  000050  000058         4       0  CODE    
                bssBANK0                       000060  000096  0000F6        60       1  BANK0   
                cstackBANK1                    000100  00008C  00018C       100       1  BANK1   
                smallconst                     000E00  000012  000E12       700       0  SMALLCON
                text4                          000E12  001004  001E16       709       0  CODE    


UNUSED ADDRESS RANGES

        Name                Unused          Largest block    Delta
        BANK0            0000F6-0000FF                A
        BANK1            00018C-0001FF               74
        BANK10           000A00-000AFF              100
        BANK11           000B00-000BFF              100
        BANK12           000C00-000CFF              100
        BANK13           000D00-000DE9               EA
        BANK2            000200-0002FF              100
        BANK3            000300-0003FF              100
        BANK4            000400-0004FF              100
        BANK5            000500-0005FF              100
        BANK6            000600-0006FF              100
        BANK7            000700-0007FF              100
        BANK8            000800-0008FF              100
        BANK9            000900-0009FF              100
        BIGRAM           00005E-00005F                2
                         0000F6-0000FF                A
                         00018C-000DE9              C5E
        BIGSFR           000DEF-000FFF              211
        CODE             000004-000007                4
                         000058-000DFF              DA8
                         001E16-01FFFF            1E1EA
        COMRAM           00005E-00005F                2
        CONST            000004-000007                4
                         000058-000DFF              DA8
                         001E16-01FFFF            1E1EA
        EEDATA           310000-3103FF              400
        MEDIUMCONST      001E16-00FFFF             E1EA
                         010E00-01FFFF             F200
        RAM              0000F6-0000FF                A
                         00018C-000DE9              100
        SFR              000DEF-000FFF              100
        SMALLCONST       001E16-01FFFF              100

                                  Symbol Table

?___aodiv                      cstackCOMRAM 000003
?___aomod                      cstackCOMRAM 000003
?_abs                          cstackCOMRAM 000015
?_color_processor_easy         cstackCOMRAM 000003
?_color_read_Blue              cstackCOMRAM 000007
?_color_read_Green             cstackCOMRAM 000007
?_color_read_Luminosity        cstackCOMRAM 000007
?_color_read_Red               cstackCOMRAM 000007
?_sprintf                      cstackBANK0  0000DB
?_vfprintf                     cstackCOMRAM 000053
I2C_2_Master_Read@ack          cstackCOMRAM 000005
I2C_2_Master_Read@tmp          cstackCOMRAM 000006
I2C_2_Master_Write@data_byte   cstackCOMRAM 000004
_ANSELDbits                    (abs)        000EA7
_ANSELFbits                    (abs)        000EB4
_BAUD4CONbits                  (abs)        000EE9
_EUSART4RXbuf                  bssBANK0     00009C
_EUSART4TXbuf                  bssBANK0     000060
_HighISR                       intcode      000008
_I2C_2_Master_Idle             text29       001D14
_I2C_2_Master_Init             text30       001CEA
_I2C_2_Master_Read             text22       001C38
_I2C_2_Master_RepStart         text21       001DEC
_I2C_2_Master_Start            text28       001E00
_I2C_2_Master_Stop             text27       001DF6
_I2C_2_Master_Write            text26       001DD4
_INTCONbits                    (abs)        000FF2
_Interrupts_init               text32       001DE0
_LATCbits                      (abs)        000F7B
_LATDbits                      (abs)        000F7C
_LATEbits                      (abs)        000F7D
_LATFbits                      (abs)        000F7E
_LATGbits                      (abs)        000F7F
_LATHbits                      (abs)        000F80
_PIE0bits                      (abs)        000E29
_PIR0bits                      (abs)        000E33
_PIR4bits                      (abs)        000E37
_PORTFbits                     (abs)        000F8E
_PWM6CONbits                   (abs)        000FA4
_PWM6DCH                       (abs)        000FA3
_PWM7CONbits                   (abs)        000FA1
_PWM7DCH                       (abs)        000FA0
_RC0PPS                        (abs)        000E62
_RC4REG                        (abs)        000EE3
_RC4STAbits                    (abs)        000EE7
_RC7PPS                        (abs)        000E69
_RD5PPS                        (abs)        000E6F
_RD6PPS                        (abs)        000E70
_RE2PPS                        (abs)        000E74
_RX4PPS                        (abs)        000E15
_RxBufReadCnt                  bssCOMRAM    00005B
_RxBufWriteCnt                 bssCOMRAM    00005C
_SP4BRGH                       (abs)        000EE6
_SP4BRGL                       (abs)        000EE5
_SSP2ADD                       (abs)        000ED6
_SSP2BUF                       (abs)        000ED5
_SSP2CLKPPS                    (abs)        000E1C
_SSP2CON1bits                  (abs)        000ED9
_SSP2CON2                      (abs)        000EDA
_SSP2CON2bits                  (abs)        000EDA
_SSP2DATPPS                    (abs)        000E1D
_SSP2STAT                      (abs)        000ED8
_T0CON0bits                    (abs)        000FD5
_T0CON1bits                    (abs)        000FD6
_T2CLKCONbits                  (abs)        000FBF
_T2CONbits                     (abs)        000FBD
_T2HLTbits                     (abs)        000FBE
_T2PR                          (abs)        000FBC
_TMR0H                         (abs)        000FD4
_TMR0L                         (abs)        000FD3
_TRISCbits                     (abs)        000F83
_TRISDbits                     (abs)        000F84
_TRISEbits                     (abs)        000F85
_TRISFbits                     (abs)        000F86
_TRISGbits                     (abs)        000F87
_TRISHbits                     (abs)        000F88
_TX4REG                        (abs)        000EE4
_TX4STAbits                    (abs)        000EE8
_Timer0_init                   text31       001D7E
_TxBufReadCnt                  bssBANK0     0000B9
_TxBufWriteCnt                 bssBANK0     0000BA
__HRAM                         (abs)        000000
__Habs1                        abs1         000000
__Hbank0                       bank0        000000
__Hbank1                       bank1        000000
__Hbank10                      bank10       000000
__Hbank11                      bank11       000000
__Hbank12                      bank12       000000
__Hbank13                      bank13       000000
__Hbank2                       bank2        000000
__Hbank3                       bank3        000000
__Hbank4                       bank4        000000
__Hbank5                       bank5        000000
__Hbank6                       bank6        000000
__Hbank7                       bank7        000000
__Hbank8                       bank8        000000
__Hbank9                       bank9        000000
__Hbigbss                      bigbss       000000
__Hbigdata                     bigdata      000000
__Hbigram                      bigram       000000
__Hbigsfr                      bigsfr       000000
__Hbss                         bss          000000
__HbssBANK0                    bssBANK0     000000
__HbssCOMRAM                   bssCOMRAM    000000
__Hcinit                       cinit        000000
__Hclrtext                     clrtext      000000
__Hcomram                      comram       000000
__Hconfig                      config       30000C
__Hconst                       const        000000
__HcstackBANK0                 cstackBANK0  000000
__HcstackBANK1                 cstackBANK1  000000
__HcstackCOMRAM                cstackCOMRAM 000000
__Hdata                        data         000000
__Heeprom_data                 eeprom_data  000000
__Hfarbss                      farbss       000000
__Hfardata                     fardata      000000
__Hheap                        heap         000000
__Hibigdata                    ibigdata     000000
__Hidata                       idata        000000
__Hidloc                       idloc        200010
__Hifardata                    ifardata     000000
__Hinit                        init         000058
__Hintcode                     intcode      000054
__Hintcode_body                intcode_body 000000
__Hintcodelo                   intcodelo    000054
__Hintentry                    intentry     000000
__Hintret                      intret       000000
__Hintsave_regs                intsave_regs 000000
__Hirdata                      irdata       000000
__Hmediumconst                 mediumconst  000000
__HnvFARRAM                    nvFARRAM     000000
__Hnvbit                       nvbit        000000
__Hnvrram                      nvrram       000000
__Hparam                       rparam       000000
__Hpowerup                     powerup      000054
__Hram                         ram          000000
__Hramtop                      ramtop       000E00
__Hrbit                        rbit         000000
__Hrbss                        rbss         000000
__Hrdata                       rdata        000000
__Hreset_vec                   reset_vec    000004
__Hrparam                      rparam       000000
__Hsfr                         sfr          000000
__Hsmallconst                  smallconst   000E12
__Hspace_0                     (abs)        001E16
__Hspace_1                     (abs)        00018C
__Hspace_2                     (abs)        000000
__Hspace_4                     (abs)        60000C
__Hstack                       stack        000000
__Hstruct                      struct       000000
__Htemp                        temp         00005E
__Htext                        text         000000
__Htext0                       text0        000000
__Htext1                       text1        000000
__Htext10                      text10       000000
__Htext11                      text11       000000
__Htext12                      text12       000000
__Htext13                      text13       000000
__Htext14                      text14       000000
__Htext15                      text15       000000
__Htext16                      text16       000000
__Htext17                      text17       000000
__Htext18                      text18       000000
__Htext19                      text19       000000
__Htext2                       text2        000000
__Htext20                      text20       000000
__Htext21                      text21       000000
__Htext22                      text22       000000
__Htext23                      text23       000000
__Htext24                      text24       000000
__Htext25                      text25       000000
__Htext26                      text26       000000
__Htext27                      text27       000000
__Htext28                      text28       000000
__Htext29                      text29       000000
__Htext3                       text3        000000
__Htext30                      text30       000000
__Htext31                      text31       000000
__Htext32                      text32       000000
__Htext34                      text34       000000
__Htext4                       text4        000000
__Htext5                       text5        000000
__Htext6                       text6        000000
__Htext7                       text7        000000
__Htext8                       text8        000000
__Htext9                       text9        000000
__LRAM                         (abs)        000001
__Labs1                        abs1         000000
__Lbank0                       bank0        000000
__Lbank1                       bank1        000000
__Lbank10                      bank10       000000
__Lbank11                      bank11       000000
__Lbank12                      bank12       000000
__Lbank13                      bank13       000000
__Lbank2                       bank2        000000
__Lbank3                       bank3        000000
__Lbank4                       bank4        000000
__Lbank5                       bank5        000000
__Lbank6                       bank6        000000
__Lbank7                       bank7        000000
__Lbank8                       bank8        000000
__Lbank9                       bank9        000000
__Lbigbss                      bigbss       000000
__Lbigdata                     bigdata      000000
__Lbigram                      bigram       000000
__Lbigsfr                      bigsfr       000000
__Lbss                         bss          000000
__LbssBANK0                    bssBANK0     000000
__LbssCOMRAM                   bssCOMRAM    000000
__Lcinit                       cinit        000000
__Lclrtext                     clrtext      000000
__Lcomram                      comram       000000
__Lconfig                      config       000000
__Lconst                       const        000000
__LcstackBANK0                 cstackBANK0  000000
__LcstackBANK1                 cstackBANK1  000000
__LcstackCOMRAM                cstackCOMRAM 000000
__Ldata                        data         000000
__Leeprom_data                 eeprom_data  000000
__Lfarbss                      farbss       000000
__Lfardata                     fardata      000000
__Lheap                        heap         000000
__Libigdata                    ibigdata     000000
__Lidata                       idata        000000
__Lidloc                       idloc        000000
__Lifardata                    ifardata     000000
__Linit                        init         000054
__Lintcode                     intcode      000008
__Lintcode_body                intcode_body 000000
__Lintcodelo                   intcodelo    000054
__Lintentry                    intentry     000000
__Lintret                      intret       000000
__Lintsave_regs                intsave_regs 000000
__Lirdata                      irdata       000000
__Lmediumconst                 mediumconst  000000
__LnvFARRAM                    nvFARRAM     000000
__Lnvbit                       nvbit        000000
__Lnvrram                      nvrram       000000
__Lparam                       rparam       000000
__Lpowerup                     powerup      000054
__Lram                         ram          000000
__Lramtop                      ramtop       000E00
__Lrbit                        rbit         000000
__Lrbss                        rbss         000000
__Lrdata                       rdata        000000
__Lreset_vec                   reset_vec    000000
__Lrparam                      rparam       000000
__Lsfr                         sfr          000000
__Lsmallconst                  smallconst   000E00
__Lspace_0                     (abs)        000000
__Lspace_1                     (abs)        000000
__Lspace_2                     (abs)        000000
__Lspace_4                     (abs)        000000
__Lstack                       stack        000000
__Lstruct                      struct       000000
__Ltemp                        temp         00005D
__Ltext                        text         000000
__Ltext0                       text0        000000
__Ltext1                       text1        000000
__Ltext10                      text10       000000
__Ltext11                      text11       000000
__Ltext12                      text12       000000
__Ltext13                      text13       000000
__Ltext14                      text14       000000
__Ltext15                      text15       000000
__Ltext16                      text16       000000
__Ltext17                      text17       000000
__Ltext18                      text18       000000
__Ltext19                      text19       000000
__Ltext2                       text2        000000
__Ltext20                      text20       000000
__Ltext21                      text21       000000
__Ltext22                      text22       000000
__Ltext23                      text23       000000
__Ltext24                      text24       000000
__Ltext25                      text25       000000
__Ltext26                      text26       000000
__Ltext27                      text27       000000
__Ltext28                      text28       000000
__Ltext29                      text29       000000
__Ltext3                       text3        000000
__Ltext30                      text30       000000
__Ltext31                      text31       000000
__Ltext32                      text32       000000
__Ltext34                      text34       000000
__Ltext4                       text4        000000
__Ltext5                       text5        000000
__Ltext6                       text6        000000
__Ltext7                       text7        000000
__Ltext8                       text8        000000
__Ltext9                       text9        000000
__S0                           (abs)        001E16
__S1                           (abs)        00018C
__S4                           (abs)        000000
__S5                           (abs)        000000
___aodiv                       text11       001292
___aodiv@counter               cstackCOMRAM 000013
___aodiv@dividend              cstackCOMRAM 000003
___aodiv@divisor               cstackCOMRAM 00000B
___aodiv@quotient              cstackCOMRAM 000015
___aodiv@sign                  cstackCOMRAM 000014
___aomod                       text10       00141A
___aomod@counter               cstackCOMRAM 000013
___aomod@dividend              cstackCOMRAM 000003
___aomod@divisor               cstackCOMRAM 00000B
___aomod@sign                  cstackCOMRAM 000014
___heap_hi                     (abs)        000000
___heap_lo                     (abs)        000000
___inthi_sp                    stack        000000
___intlo_sp                    stack        000000
___param_bank                  (abs)        000000
___rparam_used                 (abs)        000001
___sp                          stack        000000
__accesstop                    (abs)        000060
__activetblptr                 (abs)        000001
__end_of_HighISR               intcode      000054
__end_of_I2C_2_Master_Idle     text29       001D3C
__end_of_I2C_2_Master_Init     text30       001D14
__end_of_I2C_2_Master_Read     text22       001C7A
__end_of_I2C_2_Master_RepStart text21       001DF6
__end_of_I2C_2_Master_Start    text28       001E0A
__end_of_I2C_2_Master_Stop     text27       001E00
__end_of_I2C_2_Master_Write    text26       001DE0
__end_of_Interrupts_init       text32       001DEC
__end_of_Timer0_init           text31       001D9E
__end_of___aodiv               text11       00141A
__end_of___aomod               text10       00157E
__end_of__initialization       cinit        001D4C
__end_of_abs                   text9        001CBA
__end_of_color_click_init      text24       0019CE
__end_of_color_processor_easy  text23       001854
__end_of_color_read            text16       0018FA
__end_of_color_read_Blue       text20       001B60
__end_of_color_read_Green      text19       001B10
__end_of_color_read_Luminosity text18       001AC0
__end_of_color_read_Red        text17       001A70
__end_of_color_writetoaddr     text25       001D7E
__end_of_dtoa                  text4        00108E
__end_of_fputc                 text7        001796
__end_of_fputs                 text6        001C38
__end_of_initDCmotorsPWM       text15       001BF4
__end_of_initUSART4            text14       001DBC
__end_of_main                  text0        001292
__end_of_pad                   text5        001974
__end_of_putch                 text8        001E16
__end_of_sendCharSerial4       text13       001DD4
__end_of_sendStringSerial4     text12       001CEA
__end_of_sprintf               text1        001A20
__end_of_vfpfcnvrt             text3        0016CC
__end_of_vfprintf              text2        001BAE
__end_of_write16bitTMR0val     text34       001E14
__initialization               cinit        001D3C
__mediumconst                  mediumconst  000000
__pbssBANK0                    bssBANK0     000060
__pbssCOMRAM                   bssCOMRAM    00005B
__pcinit                       cinit        001D3C
__pcstackBANK0                 cstackBANK0  0000DB
__pcstackBANK1                 cstackBANK1  000100
__pcstackCOMRAM                cstackCOMRAM 000001
__pintcode                     intcode      000008
__psmallconst                  smallconst   000E00
__ptext0                       text0        00108E
__ptext1                       text1        0019CE
__ptext10                      text10       00141A
__ptext11                      text11       001292
__ptext12                      text12       001CBA
__ptext13                      text13       001DBC
__ptext14                      text14       001D9E
__ptext15                      text15       001BAE
__ptext16                      text16       001854
__ptext17                      text17       001A20
__ptext18                      text18       001A70
__ptext19                      text19       001AC0
__ptext2                       text2        001B60
__ptext20                      text20       001B10
__ptext21                      text21       001DEC
__ptext22                      text22       001C38
__ptext23                      text23       001796
__ptext24                      text24       001974
__ptext25                      text25       001D5E
__ptext26                      text26       001DD4
__ptext27                      text27       001DF6
__ptext28                      text28       001E00
__ptext29                      text29       001D14
__ptext3                       text3        00157E
__ptext30                      text30       001CEA
__ptext31                      text31       001D7E
__ptext32                      text32       001DE0
__ptext34                      text34       001E0A
__ptext4                       text4        000E12
__ptext5                       text5        0018FA
__ptext6                       text6        001BF4
__ptext7                       text7        0016CC
__ptext8                       text8        001E14
__ptext9                       text9        001C7A
__ramtop                       ramtop       000E00
__smallconst                   smallconst   000E00
_abs                           text9        001C7A
_color_click_init              text24       001974
_color_processor_easy          text23       001796
_color_read                    text16       001854
_color_read_Blue               text20       001B10
_color_read_Green              text19       001AC0
_color_read_Luminosity         text18       001A70
_color_read_Red                text17       001A20
_color_writetoaddr             text25       001D5E
_dbuf                          bssBANK0     0000BB
_dtoa                          text4        000E12
_dtoa$2120                     cstackCOMRAM 000030
_flags                         bssBANK0     0000B8
_fputc                         text7        0016CC
_fputs                         text6        001BF4
_initDCmotorsPWM               text15       001BAE
_initUSART4                    text14       001D9E
_main                          text0        00108E
_off_period                    bssBANK0     0000B4
_on_period                     bssBANK0     0000B6
_pad                           text5        0018FA
_prec                          bssBANK0     0000B2
_putch                         text8        001E14
_sendCharSerial4               text13       001DBC
_sendStringSerial4             text12       001CBA
_sprintf                       text1        0019CE
_vfpfcnvrt                     text3        00157E
_vfprintf                      text2        001B60
_width                         bssBANK0     0000B0
_write16bitTMR0val             text34       001E0A
abs@a                          cstackCOMRAM 000015
btemp                          temp         00005D
color_processor_easy@a         cstackCOMRAM 000009
color_processor_easy@b         cstackCOMRAM 00000B
color_processor_easy@c         cstackCOMRAM 000007
color_processor_easy@color     cstackCOMRAM 000005
color_processor_easy@rgb       cstackCOMRAM 000003
color_read@rgb                 cstackCOMRAM 00000E
color_read_Blue@tmp            cstackCOMRAM 00000C
color_read_Green@tmp           cstackCOMRAM 00000C
color_read_Luminosity@tmp      cstackCOMRAM 00000C
color_read_Red@tmp             cstackCOMRAM 00000C
color_writetoaddr@address      cstackCOMRAM 000006
color_writetoaddr@value        cstackCOMRAM 000005
dtoa@d                         cstackCOMRAM 000020
dtoa@fp                        cstackCOMRAM 00001E
dtoa@i                         cstackCOMRAM 00003E
dtoa@n                         cstackCOMRAM 000036
dtoa@p                         cstackCOMRAM 000032
dtoa@s                         cstackCOMRAM 000040
dtoa@w                         cstackCOMRAM 000034
end_of_initialization          cinit        001D4C
fputc@c                        cstackCOMRAM 000003
fputc@fp                       cstackCOMRAM 000005
fputs@c                        cstackCOMRAM 000010
fputs@fp                       cstackCOMRAM 00000E
fputs@i                        cstackCOMRAM 000011
fputs@s                        cstackCOMRAM 00000C
initDCmotorsPWM@PWMperiod      cstackCOMRAM 000003
int$flags                      temp         00005D
intlevel0                      text         000000
intlevel1                      text         000000
intlevel2                      text         000000
intlevel3                      text         000000
isa$std                        (abs)        000001
isa$xinst                      (abs)        000000
main@RGB_calibrated            cstackBANK1  000184
main@RGB_recorded              cstackBANK1  00017C
main@color_flag                cstackBANK1  00016E
main@color_name                cstackBANK1  000176
main@color_storage             cstackBANK1  000132
main@home                      cstackBANK1  000174
main@j                         cstackBANK1  000178
main@k                         cstackBANK1  00017A
main@readout                   cstackBANK1  000100
main@time                      cstackBANK1  000172
main@time_flag                 cstackBANK1  000170
main@time_storage              cstackBANK1  000150
pad@buf                        cstackCOMRAM 000015
pad@fp                         cstackCOMRAM 000013
pad@i                          cstackCOMRAM 00001A
pad@p                          cstackCOMRAM 000017
pad@w                          cstackCOMRAM 00001C
sendCharSerial4@charToSend     cstackCOMRAM 000003
sendStringSerial4@string       cstackCOMRAM 000004
sprintf@ap                     cstackBANK0  0000E7
sprintf@f                      cstackBANK0  0000E9
sprintf@fmt                    cstackBANK0  0000DD
sprintf@s                      cstackBANK0  0000DB
stackhi                        (abs)        000000
stacklo                        (abs)        000000
start                          init         000054
start_initialization           cinit        001D3C
ttemp5                         temp         00005E
ttemp6                         temp         000061
ttemp7                         temp         000065
vfpfcnvrt@ap                   cstackCOMRAM 000045
vfpfcnvrt@convarg              cstackCOMRAM 000049
vfpfcnvrt@cp                   cstackCOMRAM 000051
vfpfcnvrt@fmt                  cstackCOMRAM 000043
vfpfcnvrt@fp                   cstackCOMRAM 000041
vfprintf@ap                    cstackCOMRAM 000057
vfprintf@cfmt                  cstackCOMRAM 000059
vfprintf@fmt                   cstackCOMRAM 000055
vfprintf@fp                    cstackCOMRAM 000053
write16bitTMR0val@tmp          cstackCOMRAM 000001
wtemp8                         temp         00005E


MODULE INFORMATION

Module		Function		Class		Link	Load	Size
../main.c
		_main          		CODE           	108E	0000	516

../main.c estimated size: 516

C:\Program Files\Microchip\xc8\v2.40\pic\sources\c99\common\nf_fputc.c
		_fputc         		CODE           	16CC	0000	202

C:\Program Files\Microchip\xc8\v2.40\pic\sources\c99\common\nf_fputc.c estimated size: 202

../serial.c
		_sendStringSerial4		CODE           	1CBA	0000	48
		_sendCharSerial4		CODE           	1DBC	0000	24
		_initUSART4    		CODE           	1D9E	0000	30

../serial.c estimated size: 102

C:\Program Files\Microchip\xc8\v2.40\pic\sources\c99\common\nf_sprintf.c
		_sprintf       		CODE           	19CE	0000	82

C:\Program Files\Microchip\xc8\v2.40\pic\sources\c99\common\nf_sprintf.c estimated size: 82

../rc_servo.c
		_Timer0_init   		CODE           	1D7E	0000	32
		_Interrupts_init		CODE           	1DE0	0000	12
		_write16bitTMR0val		CODE           	1E0A	0000	10
		_HighISR       		CODE           	0008	0000	76

../rc_servo.c estimated size: 130

C:\Program Files\Microchip\xc8\v2.40\pic\sources\c99\common\abs.c
		_abs           		CODE           	1C7A	0000	64

C:\Program Files\Microchip\xc8\v2.40\pic\sources\c99\common\abs.c estimated size: 64

../dc_motor.c
		_initDCmotorsPWM		CODE           	1BAE	0000	70

../dc_motor.c estimated size: 70

C:\Program Files\Microchip\xc8\v2.40\pic\sources\c99\common\nf_fputs.c
		_fputs         		CODE           	1BF4	0000	68

C:\Program Files\Microchip\xc8\v2.40\pic\sources\c99\common\nf_fputs.c estimated size: 68

C:\Program Files\Microchip\xc8\v2.40\pic\sources\c99\common\aomod.c
		___aomod       		CODE           	141A	0000	356

C:\Program Files\Microchip\xc8\v2.40\pic\sources\c99\common\aomod.c estimated size: 356

shared
		__initialization		CODE           	1D3C	0000	16

shared estimated size: 16

../i2c.c
		_I2C_2_Master_Start		CODE           	1E00	0000	10
		_I2C_2_Master_Read		CODE           	1C38	0000	66
		_I2C_2_Master_Idle		CODE           	1D14	0000	40
		_I2C_2_Master_Init		CODE           	1CEA	0000	42
		_I2C_2_Master_Stop		CODE           	1DF6	0000	10
		_I2C_2_Master_RepStart		CODE           	1DEC	0000	10
		_I2C_2_Master_Write		CODE           	1DD4	0000	12

../i2c.c estimated size: 190

C:\Program Files\Microchip\xc8\v2.40\pic\sources\c99\common\putch.c
		_putch         		CODE           	1E14	0000	2

C:\Program Files\Microchip\xc8\v2.40\pic\sources\c99\common\putch.c estimated size: 2

C:\Program Files\Microchip\xc8\v2.40\pic\sources\c99\common\doprnt.c
		_vfpfcnvrt     		CODE           	157E	0000	334
		_pad           		CODE           	18FA	0000	122
		_dtoa          		CODE           	0E12	0000	636
		_vfprintf      		CODE           	1B60	0000	78

C:\Program Files\Microchip\xc8\v2.40\pic\sources\c99\common\doprnt.c estimated size: 1170

../color.c
		_color_writetoaddr		CODE           	1D5E	0000	32
		_color_click_init		CODE           	1974	0000	90
		_color_read    		CODE           	1854	0000	166
		_color_read_Luminosity		CODE           	1A70	0000	80
		_color_read_Green		CODE           	1AC0	0000	80
		_color_processor_easy		CODE           	1796	0000	190
		_color_read_Red		CODE           	1A20	0000	80
		_color_read_Blue		CODE           	1B10	0000	80

../color.c estimated size: 798

C:\Program Files\Microchip\xc8\v2.40\pic\sources\c99\common\aodiv.c
		___aodiv       		CODE           	1292	0000	392

C:\Program Files\Microchip\xc8\v2.40\pic\sources\c99\common\aodiv.c estimated size: 392

