Microchip MPLAB XC8 Compiler V2.40

Linker command line:

-W-3 \
  --edf=C:\Program Files\Microchip\xc8\v2.40\pic\dat\20220703182018_en.msgs \
  -cn -h+dist/default/production\final.X.production.sym \
  --cmf=dist/default/production\final.X.production.cmf -z -Q18F67K40 \
  -oC:\Users\POOMNA~1\AppData\Local\Temp\xcAslis.4 --defsym=__MPLAB_BUILD=1 \
  --fixupoverflow=error -Mdist/default/production/final.X.production.map \
  --md=C:\Users\POOMNA~1\AppData\Local\Temp\xcAslis.dat -E1 \
  -ver=XC8 Compiler --acfsm=1493 -ACODE=00h-01FFFFh -ACONST=00h-01FFFFh \
  -ASMALLCONST=0E00h-0EFFhx498 -AMEDIUMCONST=0E00h-0FFFFh,010E00h-01FFFFh \
  -ACOMRAM=01h-05Fh -AABS1=00h-0DE9h -ABIGRAM=01h-0DE9h \
  -ARAM=060h-0FFh,0100h-01FFhx12,0D00h-0DE9h -ABANK0=060h-0FFh \
  -ABANK1=0100h-01FFh -ABANK2=0200h-02FFh -ABANK3=0300h-03FFh \
  -ABANK4=0400h-04FFh -ABANK5=0500h-05FFh -ABANK6=0600h-06FFh \
  -ABANK7=0700h-07FFh -ABANK8=0800h-08FFh -ABANK9=0900h-09FFh \
  -ABANK10=0A00h-0AFFh -ABANK11=0B00h-0BFFh -ABANK12=0C00h-0CFFh \
  -ABANK13=0D00h-0DE9h \
  -ASFR=0DEFh-0DFFh,0E00h-0EFFh,0F00h-0F5Fh,0F60h-0FFFh \
  -ABIGSFR=0DEFh-0FFFh -ACONFIG=0300000h-030000Bh -AIDLOC=0200000h-020000Fh \
  -AEEDATA=0310000h-03103FFh -peeprom_data=EEDATA \
  -preset_vec=00h,intcode=08h,intcodelo,powerup,init -pramtop=0E00h \
  -psmallconst=SMALLCONST -pmediumconst=MEDIUMCONST -pconst=CONST \
  -AFARRAM=00h-00h \
  -prdata=COMRAM,nvrram=COMRAM,nvbit=COMRAM,rbss=COMRAM,rbit=COMRAM \
  -pfarbss=FARRAM,fardata=FARRAM,nvFARRAM=FARRAM \
  -pintsave_regs=BIGRAM,bigbss=BIGRAM,bigdata=BIGRAM -pbss=RAM \
  -pidata=CODE,irdata=CODE,ibigdata=CODE,ifardata=CODE -prparam=COMRAM \
  C:\Users\POOMNA~1\AppData\Local\Temp\xcAslis.o \
  dist/default/production\final.X.production.o 

Object code version is 3.11

Machine type is 18F67K40



                Name                               Link     Load   Length Selector   Space Scale
C:\Users\POOMNA~1\AppData\Local\Temp\xcAslis.o
                idloc                            200000   200000       10        0       5
                config                           300000   300000        C        0       4
                init                                 3E       3E        4        4       0
                reset_vec                             0        0        4        0       0
dist/default/production\final.X.production.o
                intcode                               8        8       36        4       0
                idloc                            200000   200000       10        0       5
                config                           300000   300000        C        0       4
                temp                                 5F       5F        1        1       1
                smallconst                          E00      E00       2E      700       0
                text49                             3946     3946       16      717       0
                text48                             38F0     38F0       20      717       0
                text47                             19D6     19D6      42A      717       0
                text46                             2B58     2B58      106      717       0
                text45                             2436     2436      1B4      717       0
                text44                             3858     3858       2A      717       0
                text43                             3882     3882       28      717       0
                text42                             397C     397C        A      717       0
                text41                             3972     3972        A      717       0
                text40                             395C     395C        C      717       0
                text39                             38D0     38D0       20      717       0
                text38                             34AC     34AC       5A      717       0
                text37                             2A34     2A34      124      717       0
                text36                             207E     207E      1E4      717       0
                text35                             3770     3770       42      717       0
                text34                             3968     3968        A      717       0
                text33                             369A     369A       50      717       0
                text32                             364A     364A       50      717       0
                text31                             35FA     35FA       50      717       0
                text30                             35AA     35AA       50      717       0
                text29                             2DEC     2DEC       A6      717       0
                text28                             372E     372E       42      717       0
                text27                             3910     3910       1E      717       0
                text26                             2D28     2D28       C4      717       0
                text25                             38AA     38AA       26      717       0
                text24                             2262     2262      1D4      717       0
                text23                             3262     3262       A2      717       0
                text22                             31C0     31C0       A2      717       0
                text21                             2F36     2F36       A4      717       0
                text20                             3304     3304       A0      717       0
                text19                             311E     311E       A2      717       0
                text18                             307C     307C       A2      717       0
                text17                             2E92     2E92       A4      717       0
                text16                             33A4     33A4       8E      717       0
                text15                             158C     158C      44A      717       0
                text14                             392E     392E       18      717       0
                text13                             3828     3828       30      717       0
                text12                             2FDA     2FDA       A2      717       0
                text11                             25EA     25EA      188      717       0
                text10                             2772     2772      164      717       0
                text9                              37B2     37B2       40      717       0
                text8                              3986     3986        2      717       0
                text7                              2C5E     2C5E       CA      717       0
                text6                              36EA     36EA       44      717       0
                text5                              3432     3432       7A      717       0
                text4                              1E00     1E00      27E      717       0
                text3                              28D6     28D6      15E      717       0
                text2                              3558     3558       52      717       0
                text1                              3506     3506       52      717       0
                text0                               E2E      E2E      75E      717       0
                cstackCOMRAM                          1        1       5A        1       1
                cstackBANK0                          60       60       95       60       1
                cstackBANK1                         100      100       FA      100       1
                cstackBANK2                         272      272       70      200       1
                bssBANK3                            300      300       3C      300       1
                bssBANK2                            200      200       72      200       1
                bssBANK0                             F5       F5        9       60       1
                bssCOMRAM                            5B       5B        4        1       1
                cinit                              37F2     37F2       36      717       0

TOTAL           Name                               Link     Load   Length     Space
        CLASS   CODE           
                intcode                               8        8       36         0
                init                                 3E       3E        4         0
                reset_vec                             0        0        4         0
                text49                             3946     3946       16         0
                text48                             38F0     38F0       20         0
                text47                             19D6     19D6      42A         0
                text46                             2B58     2B58      106         0
                text45                             2436     2436      1B4         0
                text44                             3858     3858       2A         0
                text43                             3882     3882       28         0
                text42                             397C     397C        A         0
                text41                             3972     3972        A         0
                text40                             395C     395C        C         0
                text39                             38D0     38D0       20         0
                text38                             34AC     34AC       5A         0
                text37                             2A34     2A34      124         0
                text36                             207E     207E      1E4         0
                text35                             3770     3770       42         0
                text34                             3968     3968        A         0
                text33                             369A     369A       50         0
                text32                             364A     364A       50         0
                text31                             35FA     35FA       50         0
                text30                             35AA     35AA       50         0
                text29                             2DEC     2DEC       A6         0
                text28                             372E     372E       42         0
                text27                             3910     3910       1E         0
                text26                             2D28     2D28       C4         0
                text25                             38AA     38AA       26         0
                text24                             2262     2262      1D4         0
                text23                             3262     3262       A2         0
                text22                             31C0     31C0       A2         0
                text21                             2F36     2F36       A4         0
                text20                             3304     3304       A0         0
                text19                             311E     311E       A2         0
                text18                             307C     307C       A2         0
                text17                             2E92     2E92       A4         0
                text16                             33A4     33A4       8E         0
                text15                             158C     158C      44A         0
                text14                             392E     392E       18         0
                text13                             3828     3828       30         0
                text12                             2FDA     2FDA       A2         0
                text11                             25EA     25EA      188         0
                text10                             2772     2772      164         0
                text9                              37B2     37B2       40         0
                text8                              3986     3986        2         0
                text7                              2C5E     2C5E       CA         0
                text6                              36EA     36EA       44         0
                text5                              3432     3432       7A         0
                text4                              1E00     1E00      27E         0
                text3                              28D6     28D6      15E         0
                text2                              3558     3558       52         0
                text1                              3506     3506       52         0
                text0                               E2E      E2E      75E         0
                cinit                              37F2     37F2       36         0

        CLASS   CONST          

        CLASS   SMALLCONST     
                smallconst                          E00      E00       2E         0

        CLASS   MEDIUMCONST    

        CLASS   COMRAM         
                temp                                 5F       5F        1         1
                cstackCOMRAM                          1        1       5A         1
                bssCOMRAM                            5B       5B        4         1

        CLASS   ABS1           

        CLASS   BIGRAM         

        CLASS   RAM            

        CLASS   BANK0          
                cstackBANK0                          60       60       95         1
                bssBANK0                             F5       F5        9         1

        CLASS   BANK1          
                cstackBANK1                         100      100       FA         1

        CLASS   BANK2          
                cstackBANK2                         272      272       70         1
                bssBANK2                            200      200       72         1

        CLASS   BANK3          
                bssBANK3                            300      300       3C         1

        CLASS   BANK4          

        CLASS   BANK5          

        CLASS   BANK6          

        CLASS   BANK7          

        CLASS   BANK8          

        CLASS   BANK9          

        CLASS   BANK10         

        CLASS   BANK11         

        CLASS   BANK12         

        CLASS   BANK13         

        CLASS   SFR            

        CLASS   BIGSFR         

        CLASS   CONFIG         
                config                           300000   300000        C         4

        CLASS   IDLOC          
                idloc                            200000   200000       10         5

        CLASS   EEDATA         

        CLASS   FARRAM         

        CLASS   HEAP           

        CLASS   STACK          



SEGMENTS        Name                           Load    Length   Top    Selector   Space  Class

                reset_vec                      000000  000004  000004         0       0  CODE    
                cstackCOMRAM                   000001  00005F  000060         1       1  COMRAM  
                intcode                        000008  00003A  000042         4       0  CODE    
                cstackBANK0                    000060  00009E  0000FE        60       1  BANK0   
                cstackBANK1                    000100  0000FA  0001FA       100       1  BANK1   
                bssBANK2                       000200  0000E2  0002E2       200       1  BANK2   
                bssBANK3                       000300  00003C  00033C       300       1  BANK3   
                smallconst                     000E00  00002E  000E2E       700       0  SMALLCON
                text0                          000E2E  002B5A  003988       717       0  CODE    


UNUSED ADDRESS RANGES

        Name                Unused          Largest block    Delta
        BANK0            0000FE-0000FF                2
        BANK1            0001FA-0001FF                6
        BANK10           000A00-000AFF              100
        BANK11           000B00-000BFF              100
        BANK12           000C00-000CFF              100
        BANK13           000D00-000DE9               EA
        BANK2            0002E2-0002FF               1E
        BANK3            00033C-0003FF               C4
        BANK4            000400-0004FF              100
        BANK5            000500-0005FF              100
        BANK6            000600-0006FF              100
        BANK7            000700-0007FF              100
        BANK8            000800-0008FF              100
        BANK9            000900-0009FF              100
        BIGRAM           0000FE-0000FF                2
                         0001FA-0001FF                6
                         0002E2-0002FF               1E
                         00033C-000DE9              AAE
        BIGSFR           000DEF-000FFF              211
        CODE             000004-000007                4
                         000042-000DFF              DBE
                         003988-01FFFF            1C678
        CONST            000004-000007                4
                         000042-000DFF              DBE
                         003988-01FFFF            1C678
        EEDATA           310000-3103FF              400
        MEDIUMCONST      003988-00FFFF             C678
                         010E00-01FFFF             F200
        RAM              0000FE-0000FF                2
                         0001FA-0001FF                6
                         0002E2-0002FF               1E
                         00033C-000DE9              100
        SFR              000DEF-000FFF              100
        SMALLCONST       003988-01FFFF              100

                                  Symbol Table

?___aodiv                        cstackCOMRAM 000001
?___aomod                        cstackCOMRAM 000001
?___awdiv                        cstackCOMRAM 000007
?___flmul                        cstackCOMRAM 00000F
?___fltol                        cstackCOMRAM 000028
?___wmul                         cstackCOMRAM 000001
?___xxtofl                       cstackCOMRAM 000001
?_abs                            cstackCOMRAM 000013
?_color_processor_easy           cstackCOMRAM 000001
?_color_processor_hard           cstackCOMRAM 000001
?_color_read_Blue                cstackCOMRAM 000005
?_color_read_Green               cstackCOMRAM 000005
?_color_read_Luminosity          cstackCOMRAM 000005
?_color_read_Red                 cstackCOMRAM 000005
?_sprintf                        cstackBANK0  000060
?_vfprintf                       cstackCOMRAM 000051
I2C_2_Master_Read@ack            cstackCOMRAM 000003
I2C_2_Master_Read@tmp            cstackCOMRAM 000004
I2C_2_Master_Write@data_byte     cstackCOMRAM 000002
_ANSELDbits                      (abs)        000EA7
_ANSELFbits                      (abs)        000EB4
_BAUD4CONbits                    (abs)        000EE9
_EUSART4RXbuf                    bssBANK2     00023C
_EUSART4TXbuf                    bssBANK3     000300
_HighISR                         intcode      000008
_I2C_2_Master_Idle               text43       003882
_I2C_2_Master_Init               text44       003858
_I2C_2_Master_Read               text35       003770
_I2C_2_Master_RepStart           text34       003968
_I2C_2_Master_Start              text42       00397C
_I2C_2_Master_Stop               text41       003972
_I2C_2_Master_Write              text40       00395C
_INTCONbits                      (abs)        000FF2
_IPR0bits                        (abs)        000E1F
_IPR2bits                        (abs)        000E21
_Interrupts_init                 text49       003946
_LATCbits                        (abs)        000F7B
_LATDbits                        (abs)        000F7C
_LATE                            (abs)        000F7D
_LATEbits                        (abs)        000F7D
_LATFbits                        (abs)        000F7E
_LATG                            (abs)        000F7F
_LATGbits                        (abs)        000F7F
_LATHbits                        (abs)        000F80
_PIE0bits                        (abs)        000E29
_PIE2bits                        (abs)        000E2B
_PIR0bits                        (abs)        000E33
_PIR2bits                        (abs)        000E35
_PIR4bits                        (abs)        000E37
_PORTFbits                       (abs)        000F8E
_PWM6CONbits                     (abs)        000FA4
_PWM6DCH                         (abs)        000FA3
_PWM7CONbits                     (abs)        000FA1
_PWM7DCH                         (abs)        000FA0
_RC0PPS                          (abs)        000E62
_RC4REG                          (abs)        000EE3
_RC4STAbits                      (abs)        000EE7
_RC7PPS                          (abs)        000E69
_RD5PPS                          (abs)        000E6F
_RD6PPS                          (abs)        000E70
_RE2PPS                          (abs)        000E74
_RX4PPS                          (abs)        000E15
_RxBufReadCnt                    bssCOMRAM    00005D
_RxBufWriteCnt                   bssCOMRAM    00005E
_SP4BRGH                         (abs)        000EE6
_SP4BRGL                         (abs)        000EE5
_SSP2ADD                         (abs)        000ED6
_SSP2BUF                         (abs)        000ED5
_SSP2CLKPPS                      (abs)        000E1C
_SSP2CON1bits                    (abs)        000ED9
_SSP2CON2                        (abs)        000EDA
_SSP2CON2bits                    (abs)        000EDA
_SSP2DATPPS                      (abs)        000E1D
_SSP2STAT                        (abs)        000ED8
_T0CON0bits                      (abs)        000FD5
_T0CON1bits                      (abs)        000FD6
_T2CLKCONbits                    (abs)        000FBF
_T2CONbits                       (abs)        000FBD
_T2HLTbits                       (abs)        000FBE
_T2PR                            (abs)        000FBC
_TMR0H                           (abs)        000FD4
_TMR0L                           (abs)        000FD3
_TRISCbits                       (abs)        000F83
_TRISDbits                       (abs)        000F84
_TRISEbits                       (abs)        000F85
_TRISFbits                       (abs)        000F86
_TRISGbits                       (abs)        000F87
_TRISHbits                       (abs)        000F88
_TX4REG                          (abs)        000EE4
_TX4STAbits                      (abs)        000EE8
_Timer0_init                     text48       0038F0
_TxBufReadCnt                    bssCOMRAM    00005B
_TxBufWriteCnt                   bssCOMRAM    00005C
__HRAM                           (abs)        000000
__Habs1                          abs1         000000
__Hbank0                         bank0        000000
__Hbank1                         bank1        000000
__Hbank10                        bank10       000000
__Hbank11                        bank11       000000
__Hbank12                        bank12       000000
__Hbank13                        bank13       000000
__Hbank2                         bank2        000000
__Hbank3                         bank3        000000
__Hbank4                         bank4        000000
__Hbank5                         bank5        000000
__Hbank6                         bank6        000000
__Hbank7                         bank7        000000
__Hbank8                         bank8        000000
__Hbank9                         bank9        000000
__Hbigbss                        bigbss       000000
__Hbigdata                       bigdata      000000
__Hbigram                        bigram       000000
__Hbigsfr                        bigsfr       000000
__Hbss                           bss          000000
__HbssBANK0                      bssBANK0     000000
__HbssBANK2                      bssBANK2     000000
__HbssBANK3                      bssBANK3     000000
__HbssCOMRAM                     bssCOMRAM    000000
__Hcinit                         cinit        000000
__Hclrtext                       clrtext      000000
__Hcomram                        comram       000000
__Hconfig                        config       30000C
__Hconst                         const        000000
__HcstackBANK0                   cstackBANK0  000000
__HcstackBANK1                   cstackBANK1  000000
__HcstackBANK2                   cstackBANK2  000000
__HcstackCOMRAM                  cstackCOMRAM 000000
__Hdata                          data         000000
__Heeprom_data                   eeprom_data  000000
__Hfarbss                        farbss       000000
__Hfardata                       fardata      000000
__Hheap                          heap         000000
__Hibigdata                      ibigdata     000000
__Hidata                         idata        000000
__Hidloc                         idloc        200010
__Hifardata                      ifardata     000000
__Hinit                          init         000042
__Hintcode                       intcode      00003E
__Hintcode_body                  intcode_body 000000
__Hintcodelo                     intcodelo    00003E
__Hintentry                      intentry     000000
__Hintret                        intret       000000
__Hintsave_regs                  intsave_regs 000000
__Hirdata                        irdata       000000
__Hmediumconst                   mediumconst  000000
__HnvFARRAM                      nvFARRAM     000000
__Hnvbit                         nvbit        000000
__Hnvrram                        nvrram       000000
__Hparam                         rparam       000000
__Hpowerup                       powerup      00003E
__Hram                           ram          000000
__Hramtop                        ramtop       000E00
__Hrbit                          rbit         000000
__Hrbss                          rbss         000000
__Hrdata                         rdata        000000
__Hreset_vec                     reset_vec    000004
__Hrparam                        rparam       000000
__Hsfr                           sfr          000000
__Hsmallconst                    smallconst   000E2E
__Hspace_0                       (abs)        003988
__Hspace_1                       (abs)        00033C
__Hspace_2                       (abs)        000000
__Hspace_4                       (abs)        60000C
__Hstack                         stack        000000
__Hstruct                        struct       000000
__Htemp                          temp         000060
__Htext                          text         000000
__Htext0                         text0        000000
__Htext1                         text1        000000
__Htext10                        text10       000000
__Htext11                        text11       000000
__Htext12                        text12       000000
__Htext13                        text13       000000
__Htext14                        text14       000000
__Htext15                        text15       000000
__Htext16                        text16       000000
__Htext17                        text17       000000
__Htext18                        text18       000000
__Htext19                        text19       000000
__Htext2                         text2        000000
__Htext20                        text20       000000
__Htext21                        text21       000000
__Htext22                        text22       000000
__Htext23                        text23       000000
__Htext24                        text24       000000
__Htext25                        text25       000000
__Htext26                        text26       000000
__Htext27                        text27       000000
__Htext28                        text28       000000
__Htext29                        text29       000000
__Htext3                         text3        000000
__Htext30                        text30       000000
__Htext31                        text31       000000
__Htext32                        text32       000000
__Htext33                        text33       000000
__Htext34                        text34       000000
__Htext35                        text35       000000
__Htext36                        text36       000000
__Htext37                        text37       000000
__Htext38                        text38       000000
__Htext39                        text39       000000
__Htext4                         text4        000000
__Htext40                        text40       000000
__Htext41                        text41       000000
__Htext42                        text42       000000
__Htext43                        text43       000000
__Htext44                        text44       000000
__Htext45                        text45       000000
__Htext46                        text46       000000
__Htext47                        text47       000000
__Htext48                        text48       000000
__Htext49                        text49       000000
__Htext5                         text5        000000
__Htext6                         text6        000000
__Htext7                         text7        000000
__Htext8                         text8        000000
__Htext9                         text9        000000
__LRAM                           (abs)        000001
__Labs1                          abs1         000000
__Lbank0                         bank0        000000
__Lbank1                         bank1        000000
__Lbank10                        bank10       000000
__Lbank11                        bank11       000000
__Lbank12                        bank12       000000
__Lbank13                        bank13       000000
__Lbank2                         bank2        000000
__Lbank3                         bank3        000000
__Lbank4                         bank4        000000
__Lbank5                         bank5        000000
__Lbank6                         bank6        000000
__Lbank7                         bank7        000000
__Lbank8                         bank8        000000
__Lbank9                         bank9        000000
__Lbigbss                        bigbss       000000
__Lbigdata                       bigdata      000000
__Lbigram                        bigram       000000
__Lbigsfr                        bigsfr       000000
__Lbss                           bss          000000
__LbssBANK0                      bssBANK0     000000
__LbssBANK2                      bssBANK2     000000
__LbssBANK3                      bssBANK3     000000
__LbssCOMRAM                     bssCOMRAM    000000
__Lcinit                         cinit        000000
__Lclrtext                       clrtext      000000
__Lcomram                        comram       000000
__Lconfig                        config       000000
__Lconst                         const        000000
__LcstackBANK0                   cstackBANK0  000000
__LcstackBANK1                   cstackBANK1  000000
__LcstackBANK2                   cstackBANK2  000000
__LcstackCOMRAM                  cstackCOMRAM 000000
__Ldata                          data         000000
__Leeprom_data                   eeprom_data  000000
__Lfarbss                        farbss       000000
__Lfardata                       fardata      000000
__Lheap                          heap         000000
__Libigdata                      ibigdata     000000
__Lidata                         idata        000000
__Lidloc                         idloc        000000
__Lifardata                      ifardata     000000
__Linit                          init         00003E
__Lintcode                       intcode      000008
__Lintcode_body                  intcode_body 000000
__Lintcodelo                     intcodelo    00003E
__Lintentry                      intentry     000000
__Lintret                        intret       000000
__Lintsave_regs                  intsave_regs 000000
__Lirdata                        irdata       000000
__Lmediumconst                   mediumconst  000000
__LnvFARRAM                      nvFARRAM     000000
__Lnvbit                         nvbit        000000
__Lnvrram                        nvrram       000000
__Lparam                         rparam       000000
__Lpowerup                       powerup      00003E
__Lram                           ram          000000
__Lramtop                        ramtop       000E00
__Lrbit                          rbit         000000
__Lrbss                          rbss         000000
__Lrdata                         rdata        000000
__Lreset_vec                     reset_vec    000000
__Lrparam                        rparam       000000
__Lsfr                           sfr          000000
__Lsmallconst                    smallconst   000E00
__Lspace_0                       (abs)        000000
__Lspace_1                       (abs)        000000
__Lspace_2                       (abs)        000000
__Lspace_4                       (abs)        000000
__Lstack                         stack        000000
__Lstruct                        struct       000000
__Ltemp                          temp         00005F
__Ltext                          text         000000
__Ltext0                         text0        000000
__Ltext1                         text1        000000
__Ltext10                        text10       000000
__Ltext11                        text11       000000
__Ltext12                        text12       000000
__Ltext13                        text13       000000
__Ltext14                        text14       000000
__Ltext15                        text15       000000
__Ltext16                        text16       000000
__Ltext17                        text17       000000
__Ltext18                        text18       000000
__Ltext19                        text19       000000
__Ltext2                         text2        000000
__Ltext20                        text20       000000
__Ltext21                        text21       000000
__Ltext22                        text22       000000
__Ltext23                        text23       000000
__Ltext24                        text24       000000
__Ltext25                        text25       000000
__Ltext26                        text26       000000
__Ltext27                        text27       000000
__Ltext28                        text28       000000
__Ltext29                        text29       000000
__Ltext3                         text3        000000
__Ltext30                        text30       000000
__Ltext31                        text31       000000
__Ltext32                        text32       000000
__Ltext33                        text33       000000
__Ltext34                        text34       000000
__Ltext35                        text35       000000
__Ltext36                        text36       000000
__Ltext37                        text37       000000
__Ltext38                        text38       000000
__Ltext39                        text39       000000
__Ltext4                         text4        000000
__Ltext40                        text40       000000
__Ltext41                        text41       000000
__Ltext42                        text42       000000
__Ltext43                        text43       000000
__Ltext44                        text44       000000
__Ltext45                        text45       000000
__Ltext46                        text46       000000
__Ltext47                        text47       000000
__Ltext48                        text48       000000
__Ltext49                        text49       000000
__Ltext5                         text5        000000
__Ltext6                         text6        000000
__Ltext7                         text7        000000
__Ltext8                         text8        000000
__Ltext9                         text9        000000
__S0                             (abs)        003988
__S1                             (abs)        00033C
__S4                             (abs)        000000
__S5                             (abs)        000000
___aodiv                         text11       0025EA
___aodiv@counter                 cstackCOMRAM 000011
___aodiv@dividend                cstackCOMRAM 000001
___aodiv@divisor                 cstackCOMRAM 000009
___aodiv@quotient                cstackCOMRAM 000013
___aodiv@sign                    cstackCOMRAM 000012
___aomod                         text10       002772
___aomod@counter                 cstackCOMRAM 000011
___aomod@dividend                cstackCOMRAM 000001
___aomod@divisor                 cstackCOMRAM 000009
___aomod@sign                    cstackCOMRAM 000012
___awdiv                         text26       002D28
___awdiv@counter                 cstackCOMRAM 00000B
___awdiv@dividend                cstackCOMRAM 000007
___awdiv@divisor                 cstackCOMRAM 000009
___awdiv@quotient                cstackCOMRAM 00000D
___awdiv@sign                    cstackCOMRAM 00000C
___flmul                         text47       0019D6
___flmul@a                       cstackCOMRAM 000013
___flmul@aexp                    cstackCOMRAM 000020
___flmul@b                       cstackCOMRAM 00000F
___flmul@bexp                    cstackCOMRAM 000021
___flmul@grs                     cstackCOMRAM 00001C
___flmul@prod                    cstackCOMRAM 000022
___flmul@sign                    cstackCOMRAM 00001B
___flmul@temp                    cstackCOMRAM 000026
___fltol                         text46       002B58
___fltol@exp1                    cstackCOMRAM 000031
___fltol@f1                      cstackCOMRAM 000028
___fltol@sign1                   cstackCOMRAM 000030
___heap_hi                       (abs)        000000
___heap_lo                       (abs)        000000
___inthi_sp                      stack        000000
___intlo_sp                      stack        000000
___param_bank                    (abs)        000000
___rparam_used                   (abs)        000001
___sp                            stack        000000
___wmul                          text25       0038AA
___wmul@multiplicand             cstackCOMRAM 000003
___wmul@multiplier               cstackCOMRAM 000001
___wmul@product                  cstackCOMRAM 000005
___xxtofl                        text45       002436
___xxtofl@arg                    cstackCOMRAM 00000B
___xxtofl@exp                    cstackCOMRAM 00000A
___xxtofl@sign                   cstackCOMRAM 000009
___xxtofl@val                    cstackCOMRAM 000001
__accesstop                      (abs)        000060
__activetblptr                   (abs)        000003
__end_of_HighISR                 intcode      00003E
__end_of_I2C_2_Master_Idle       text43       0038AA
__end_of_I2C_2_Master_Init       text44       003882
__end_of_I2C_2_Master_Read       text35       0037B2
__end_of_I2C_2_Master_RepStart   text34       003972
__end_of_I2C_2_Master_Start      text42       003986
__end_of_I2C_2_Master_Stop       text41       00397C
__end_of_I2C_2_Master_Write      text40       003968
__end_of_Interrupts_init         text49       00395C
__end_of_Timer0_init             text48       003910
__end_of___aodiv                 text11       002772
__end_of___aomod                 text10       0028D6
__end_of___awdiv                 text26       002DEC
__end_of___flmul                 text47       001E00
__end_of___fltol                 text46       002C5E
__end_of___wmul                  text25       0038D0
__end_of___xxtofl                text45       0025EA
__end_of__initialization         cinit        00381E
__end_of_abs                     text9        0037F2
__end_of_color_click_init        text38       003506
__end_of_color_processor_easy    text37       002B58
__end_of_color_processor_hard    text36       002262
__end_of_color_read              text29       002E92
__end_of_color_read_Blue         text33       0036EA
__end_of_color_read_Green        text32       00369A
__end_of_color_read_Luminosity   text31       00364A
__end_of_color_read_Red          text30       0035FA
__end_of_color_writetoaddr       text39       0038F0
__end_of_dtoa                    text4        00207E
__end_of_forward                 text23       003304
__end_of_fputc                   text7        002D28
__end_of_fputs                   text6        00372E
__end_of_initDCmotorsPWM         text28       003770
__end_of_initUSART4              text27       00392E
__end_of_left_135                text22       003262
__end_of_left_90                 text21       002FDA
__end_of_main                    text0        00158C
__end_of_motor_action            text15       0019D6
__end_of_pad                     text5        0034AC
__end_of_putch                   text8        003988
__end_of_reverse_fromcard        text20       0033A4
__end_of_reverse_onesquare       text19       0031C0
__end_of_right_135               text18       00311E
__end_of_right_90                text17       002F36
__end_of_sendCharSerial4         text14       003946
__end_of_sendStringSerial4       text13       003858
__end_of_setMotorPWM             text24       002436
__end_of_spin_180                text12       00307C
__end_of_sprintf                 text1        003558
__end_of_stop                    text16       003432
__end_of_vfpfcnvrt               text3        002A34
__end_of_vfprintf                text2        0035AA
__initialization                 cinit        0037F2
__mediumconst                    mediumconst  000000
__pbssBANK0                      bssBANK0     0000F5
__pbssBANK2                      bssBANK2     000200
__pbssBANK3                      bssBANK3     000300
__pbssCOMRAM                     bssCOMRAM    00005B
__pcinit                         cinit        0037F2
__pcstackBANK0                   cstackBANK0  000060
__pcstackBANK1                   cstackBANK1  000100
__pcstackBANK2                   cstackBANK2  000272
__pcstackCOMRAM                  cstackCOMRAM 000001
__pintcode                       intcode      000008
__psmallconst                    smallconst   000E00
__ptext0                         text0        000E2E
__ptext1                         text1        003506
__ptext10                        text10       002772
__ptext11                        text11       0025EA
__ptext12                        text12       002FDA
__ptext13                        text13       003828
__ptext14                        text14       00392E
__ptext15                        text15       00158C
__ptext16                        text16       0033A4
__ptext17                        text17       002E92
__ptext18                        text18       00307C
__ptext19                        text19       00311E
__ptext2                         text2        003558
__ptext20                        text20       003304
__ptext21                        text21       002F36
__ptext22                        text22       0031C0
__ptext23                        text23       003262
__ptext24                        text24       002262
__ptext25                        text25       0038AA
__ptext26                        text26       002D28
__ptext27                        text27       003910
__ptext28                        text28       00372E
__ptext29                        text29       002DEC
__ptext3                         text3        0028D6
__ptext30                        text30       0035AA
__ptext31                        text31       0035FA
__ptext32                        text32       00364A
__ptext33                        text33       00369A
__ptext34                        text34       003968
__ptext35                        text35       003770
__ptext36                        text36       00207E
__ptext37                        text37       002A34
__ptext38                        text38       0034AC
__ptext39                        text39       0038D0
__ptext4                         text4        001E00
__ptext40                        text40       00395C
__ptext41                        text41       003972
__ptext42                        text42       00397C
__ptext43                        text43       003882
__ptext44                        text44       003858
__ptext45                        text45       002436
__ptext46                        text46       002B58
__ptext47                        text47       0019D6
__ptext48                        text48       0038F0
__ptext49                        text49       003946
__ptext5                         text5        003432
__ptext6                         text6        0036EA
__ptext7                         text7        002C5E
__ptext8                         text8        003986
__ptext9                         text9        0037B2
__ramtop                         ramtop       000E00
__smallconst                     smallconst   000E00
_abs                             text9        0037B2
_color_click_init                text38       0034AC
_color_processor_easy            text37       002A34
_color_processor_hard            text36       00207E
_color_processor_hard$379        cstackCOMRAM 00000A
_color_processor_hard$381        cstackCOMRAM 00000B
_color_processor_hard$383        cstackCOMRAM 00000C
_color_read                      text29       002DEC
_color_read_Blue                 text33       00369A
_color_read_Green                text32       00364A
_color_read_Luminosity           text31       0035FA
_color_read_Red                  text30       0035AA
_color_writetoaddr               text39       0038D0
_dbuf                            bssBANK2     000252
_dtoa                            text4        001E00
_dtoa$2448                       cstackCOMRAM 00002E
_flags                           bssBANK0     0000FD
_forward                         text23       003262
_fputc                           text7        002C5E
_fputs                           text6        0036EA
_initDCmotorsPWM                 text28       00372E
_initUSART4                      text27       003910
_left_135                        text22       0031C0
_left_90                         text21       002F36
_main                            text0        000E2E
_motor_action                    text15       00158C
_off_period                      bssBANK0     0000F9
_on_period                       bssBANK0     0000FB
_pad                             text5        003432
_prec                            bssBANK0     0000F7
_putch                           text8        003986
_reverse_fromcard                text20       003304
_reverse_onesquare               text19       00311E
_right_135                       text18       00307C
_right_90                        text17       002E92
_sendCharSerial4                 text14       00392E
_sendStringSerial4               text13       003828
_setMotorPWM                     text24       002262
_spin_180                        text12       002FDA
_sprintf                         text1        003506
_stop                            text16       0033A4
_time                            bssBANK2     000250
_vfpfcnvrt                       text3        0028D6
_vfprintf                        text2        003558
_width                           bssBANK0     0000F5
abs@a                            cstackCOMRAM 000013
btemp                            temp         00005F
color_processor_easy@b           cstackCOMRAM 00000F
color_processor_easy@calibrated  cstackCOMRAM 000003
color_processor_easy@g           cstackCOMRAM 00000D
color_processor_easy@l           cstackCOMRAM 000009
color_processor_easy@r           cstackCOMRAM 00000B
color_processor_easy@rgb         cstackCOMRAM 000001
color_processor_hard@b           cstackCOMRAM 000011
color_processor_hard@calibrated  cstackCOMRAM 000003
color_processor_hard@cb          cstackCOMRAM 000017
color_processor_hard@cg          cstackCOMRAM 000015
color_processor_hard@condition_b cstackCOMRAM 000009
color_processor_hard@condition_g cstackCOMRAM 000008
color_processor_hard@condition_r cstackCOMRAM 000007
color_processor_hard@cr          cstackCOMRAM 000013
color_processor_hard@g           cstackCOMRAM 00000F
color_processor_hard@r           cstackCOMRAM 00000D
color_processor_hard@rgb         cstackCOMRAM 000001
color_read@rgb                   cstackCOMRAM 00000C
color_read_Blue@tmp              cstackCOMRAM 00000A
color_read_Green@tmp             cstackCOMRAM 00000A
color_read_Luminosity@tmp        cstackCOMRAM 00000A
color_read_Red@tmp               cstackCOMRAM 00000A
color_writetoaddr@address        cstackCOMRAM 000004
color_writetoaddr@value          cstackCOMRAM 000003
dtoa@d                           cstackCOMRAM 00001E
dtoa@fp                          cstackCOMRAM 00001C
dtoa@i                           cstackCOMRAM 00003C
dtoa@n                           cstackCOMRAM 000034
dtoa@p                           cstackCOMRAM 000030
dtoa@s                           cstackCOMRAM 00003E
dtoa@w                           cstackCOMRAM 000032
end_of_initialization            cinit        00381E
forward@i                        cstackCOMRAM 000020
forward@mL                       cstackCOMRAM 00001A
forward@mR                       cstackCOMRAM 00001C
fputc@c                          cstackCOMRAM 000001
fputc@fp                         cstackCOMRAM 000003
fputs@c                          cstackCOMRAM 00000E
fputs@fp                         cstackCOMRAM 00000C
fputs@i                          cstackCOMRAM 00000F
fputs@s                          cstackCOMRAM 00000A
initDCmotorsPWM@PWMperiod        cstackCOMRAM 000001
int$flags                        temp         00005F
intlevel0                        text         000000
intlevel1                        text         000000
intlevel2                        text         000000
intlevel3                        text         000000
isa$std                          (abs)        000001
isa$xinst                        (abs)        000000
left_135@i                       cstackCOMRAM 000020
left_135@mL                      cstackCOMRAM 00001A
left_135@mR                      cstackCOMRAM 00001C
left_90@i                        cstackCOMRAM 000020
left_90@mL                       cstackCOMRAM 00001A
left_90@mR                       cstackCOMRAM 00001C
main@RGB_calibrated              cstackBANK1  0001EA
main@RGB_recorded                cstackBANK1  0001F2
main@color_calibrated            cstackBANK2  000290
main@color_flag                  cstackCOMRAM 000059
main@color_name                  cstackBANK0  0000F3
main@color_path                  cstackBANK1  0001C8
main@i                           cstackBANK1  0001E6
main@i_849                       cstackBANK1  0001E8
main@j                           cstackBANK0  0000ED
main@k                           cstackBANK0  0000F1
main@lowerbound_calibrated       cstackBANK0  0000E7
main@m                           cstackBANK0  0000EF
main@motorL                      cstackBANK2  0002D0
main@motorR                      cstackBANK2  0002D9
main@readout2                    cstackBANK0  000083
main@readout3                    cstackBANK1  000100
main@readout4                    cstackBANK1  000164
main@time_path                   cstackBANK2  000272
main@time_return                 cstackBANK0  0000EB
main@upperbound_calibrated       cstackBANK0  0000E9
motor_action@color               cstackCOMRAM 000022
motor_action@l                   cstackCOMRAM 000024
motor_action@r                   cstackCOMRAM 000026
pad@buf                          cstackCOMRAM 000013
pad@fp                           cstackCOMRAM 000011
pad@i                            cstackCOMRAM 000018
pad@p                            cstackCOMRAM 000015
pad@w                            cstackCOMRAM 00001A
reverse_fromcard@i               cstackCOMRAM 000020
reverse_fromcard@mL              cstackCOMRAM 00001A
reverse_fromcard@mR              cstackCOMRAM 00001C
reverse_onesquare@i              cstackCOMRAM 000020
reverse_onesquare@mL             cstackCOMRAM 00001A
reverse_onesquare@mR             cstackCOMRAM 00001C
right_135@i                      cstackCOMRAM 000020
right_135@mL                     cstackCOMRAM 00001A
right_135@mR                     cstackCOMRAM 00001C
right_90@i                       cstackCOMRAM 000020
right_90@mL                      cstackCOMRAM 00001A
right_90@mR                      cstackCOMRAM 00001C
sendCharSerial4@charToSend       cstackCOMRAM 000001
sendStringSerial4@string         cstackCOMRAM 000002
setMotorPWM@PWMduty              cstackCOMRAM 000018
setMotorPWM@m                    cstackCOMRAM 00000F
spin_180@i                       cstackCOMRAM 000020
spin_180@mL                      cstackCOMRAM 00001A
spin_180@mR                      cstackCOMRAM 00001C
sprintf@ap                       cstackBANK0  00006E
sprintf@f                        cstackBANK0  000070
sprintf@fmt                      cstackBANK0  000062
sprintf@s                        cstackBANK0  000060
stackhi                          (abs)        000000
stacklo                          (abs)        000000
start                            init         00003E
start_initialization             cinit        0037F2
stop@i                           cstackCOMRAM 00001F
stop@mL                          cstackCOMRAM 00001A
stop@mR                          cstackCOMRAM 00001C
ttemp5                           temp         000060
ttemp6                           temp         000063
ttemp7                           temp         000067
vfpfcnvrt@ap                     cstackCOMRAM 000043
vfpfcnvrt@convarg                cstackCOMRAM 000047
vfpfcnvrt@cp                     cstackCOMRAM 00004F
vfpfcnvrt@fmt                    cstackCOMRAM 000041
vfpfcnvrt@fp                     cstackCOMRAM 00003F
vfprintf@ap                      cstackCOMRAM 000055
vfprintf@cfmt                    cstackCOMRAM 000057
vfprintf@fmt                     cstackCOMRAM 000053
vfprintf@fp                      cstackCOMRAM 000051
wtemp8                           temp         000060


MODULE INFORMATION

Module		Function		Class		Link	Load	Size
C:\Program Files\Microchip\xc8\v2.40\pic\sources\c99\common\sprcmul.c
		___flmul       		CODE           	19D6	0000	1066

C:\Program Files\Microchip\xc8\v2.40\pic\sources\c99\common\sprcmul.c estimated size: 1066

../main.c
		_main          		CODE           	0E2E	0000	1886

../main.c estimated size: 1886

C:\Program Files\Microchip\xc8\v2.40\pic\sources\c99\common\nf_fputc.c
		_fputc         		CODE           	2C5E	0000	202

C:\Program Files\Microchip\xc8\v2.40\pic\sources\c99\common\nf_fputc.c estimated size: 202

../serial.c
		_sendStringSerial4		CODE           	3828	0000	48
		_sendCharSerial4		CODE           	392E	0000	24
		_initUSART4    		CODE           	3910	0000	30

../serial.c estimated size: 102

C:\Program Files\Microchip\xc8\v2.40\pic\sources\c99\common\nf_sprintf.c
		_sprintf       		CODE           	3506	0000	82

C:\Program Files\Microchip\xc8\v2.40\pic\sources\c99\common\nf_sprintf.c estimated size: 82

C:\Program Files\Microchip\xc8\v2.40\pic\sources\c99\common\awdiv.c
		___awdiv       		CODE           	2D28	0000	196

C:\Program Files\Microchip\xc8\v2.40\pic\sources\c99\common\awdiv.c estimated size: 196

C:\Program Files\Microchip\xc8\v2.40\pic\sources\c99\common\fltol.c
		___fltol       		CODE           	2B58	0000	262

C:\Program Files\Microchip\xc8\v2.40\pic\sources\c99\common\fltol.c estimated size: 262

../rc_servo.c
		_Timer0_init   		CODE           	38F0	0000	32
		_Interrupts_init		CODE           	3946	0000	22
		_HighISR       		CODE           	0008	0000	54

../rc_servo.c estimated size: 108

C:\Program Files\Microchip\xc8\v2.40\pic\sources\c99\common\Umul16.c
		___wmul        		CODE           	38AA	0000	38

C:\Program Files\Microchip\xc8\v2.40\pic\sources\c99\common\Umul16.c estimated size: 38

C:\Program Files\Microchip\xc8\v2.40\pic\sources\c99\common\abs.c
		_abs           		CODE           	37B2	0000	64

C:\Program Files\Microchip\xc8\v2.40\pic\sources\c99\common\abs.c estimated size: 64

../dc_motor.c
		_left_135      		CODE           	31C0	0000	162
		_reverse_onesquare		CODE           	311E	0000	162
		_stop          		CODE           	33A4	0000	142
		_initDCmotorsPWM		CODE           	372E	0000	66
		_motor_action  		CODE           	158C	0000	1098
		_right_135     		CODE           	307C	0000	162
		_forward       		CODE           	3262	0000	162
		_spin_180      		CODE           	2FDA	0000	162
		_setMotorPWM   		CODE           	2262	0000	468
		_left_90       		CODE           	2F36	0000	164
		_right_90      		CODE           	2E92	0000	164
		_reverse_fromcard		CODE           	3304	0000	160

../dc_motor.c estimated size: 3072

C:\Program Files\Microchip\xc8\v2.40\pic\sources\c99\common\xxtofl.c
		___xxtofl      		CODE           	2436	0000	436

C:\Program Files\Microchip\xc8\v2.40\pic\sources\c99\common\xxtofl.c estimated size: 436

C:\Program Files\Microchip\xc8\v2.40\pic\sources\c99\common\nf_fputs.c
		_fputs         		CODE           	36EA	0000	68

C:\Program Files\Microchip\xc8\v2.40\pic\sources\c99\common\nf_fputs.c estimated size: 68

C:\Program Files\Microchip\xc8\v2.40\pic\sources\c99\common\aomod.c
		___aomod       		CODE           	2772	0000	356

C:\Program Files\Microchip\xc8\v2.40\pic\sources\c99\common\aomod.c estimated size: 356

shared
		__initialization		CODE           	37F2	0000	44

shared estimated size: 44

../i2c.c
		_I2C_2_Master_Start		CODE           	397C	0000	10
		_I2C_2_Master_Read		CODE           	3770	0000	66
		_I2C_2_Master_Idle		CODE           	3882	0000	40
		_I2C_2_Master_Init		CODE           	3858	0000	42
		_I2C_2_Master_Stop		CODE           	3972	0000	10
		_I2C_2_Master_RepStart		CODE           	3968	0000	10
		_I2C_2_Master_Write		CODE           	395C	0000	12

../i2c.c estimated size: 190

C:\Program Files\Microchip\xc8\v2.40\pic\sources\c99\common\putch.c
		_putch         		CODE           	3986	0000	2

C:\Program Files\Microchip\xc8\v2.40\pic\sources\c99\common\putch.c estimated size: 2

C:\Program Files\Microchip\xc8\v2.40\pic\sources\c99\common\doprnt.c
		_vfpfcnvrt     		CODE           	28D6	0000	350
		_pad           		CODE           	3432	0000	122
		_dtoa          		CODE           	1E00	0000	638
		_vfprintf      		CODE           	3558	0000	82

C:\Program Files\Microchip\xc8\v2.40\pic\sources\c99\common\doprnt.c estimated size: 1192

../color.c
		_color_writetoaddr		CODE           	38D0	0000	32
		_color_click_init		CODE           	34AC	0000	90
		_color_read    		CODE           	2DEC	0000	166
		_color_read_Luminosity		CODE           	35FA	0000	80
		_color_read_Green		CODE           	364A	0000	80
		_color_processor_easy		CODE           	2A34	0000	292
		_color_read_Red		CODE           	35AA	0000	80
		_color_processor_hard		CODE           	207E	0000	484
		_color_read_Blue		CODE           	369A	0000	80

../color.c estimated size: 1384

C:\Program Files\Microchip\xc8\v2.40\pic\sources\c99\common\aodiv.c
		___aodiv       		CODE           	25EA	0000	392

C:\Program Files\Microchip\xc8\v2.40\pic\sources\c99\common\aodiv.c estimated size: 392

